Archive member included to satisfy reference by file (symbol)

/home/rshah/esp/avitra_codes/velocity_control_of_motor/uart_echo/build/cxx/libcxx.a(cxx_guards.o)
                              (__cxa_guard_dummy)
/home/rshah/esp/avitra_codes/velocity_control_of_motor/uart_echo/build/cxx/libcxx.a(cxx_exception_stubs.o)
                              (__cxx_fatal_exception)
/home/rshah/esp/avitra_codes/velocity_control_of_motor/uart_echo/build/esp32/libesp32.a(panic.o)
                              /home/rshah/esp/avitra_codes/velocity_control_of_motor/uart_echo/build/cxx/libcxx.a(cxx_guards.o) (abort)
/home/rshah/esp/avitra_codes/velocity_control_of_motor/uart_echo/build/esp32/libesp32.a(cpu_start.o)
                              (call_start_cpu0)
/home/rshah/esp/avitra_codes/velocity_control_of_motor/uart_echo/build/esp32/libesp32.a(cache_err_int.o)
                              /home/rshah/esp/avitra_codes/velocity_control_of_motor/uart_echo/build/esp32/libesp32.a(cpu_start.o) (esp_cache_err_int_init)
/home/rshah/esp/avitra_codes/velocity_control_of_motor/uart_echo/build/esp32/libesp32.a(clk.o)
                              /home/rshah/esp/avitra_codes/velocity_control_of_motor/uart_echo/build/esp32/libesp32.a(cpu_start.o) (esp_clk_init)
/home/rshah/esp/avitra_codes/velocity_control_of_motor/uart_echo/build/esp32/libesp32.a(esp_err_to_name.o)
                              /home/rshah/esp/avitra_codes/velocity_control_of_motor/uart_echo/build/esp32/libesp32.a(panic.o) (esp_err_to_name)
/home/rshah/esp/avitra_codes/velocity_control_of_motor/uart_echo/build/esp32/libesp32.a(crosscore_int.o)
                              /home/rshah/esp/avitra_codes/velocity_control_of_motor/uart_echo/build/esp32/libesp32.a(cpu_start.o) (esp_crosscore_int_init)
/home/rshah/esp/avitra_codes/velocity_control_of_motor/uart_echo/build/esp32/libesp32.a(ipc.o)
                              /home/rshah/esp/avitra_codes/velocity_control_of_motor/uart_echo/build/esp32/libesp32.a(cpu_start.o) (esp_ipc_init)
/home/rshah/esp/avitra_codes/velocity_control_of_motor/uart_echo/build/esp32/libesp32.a(intr_alloc.o)
                              /home/rshah/esp/avitra_codes/velocity_control_of_motor/uart_echo/build/esp32/libesp32.a(crosscore_int.o) (esp_intr_alloc)
/home/rshah/esp/avitra_codes/velocity_control_of_motor/uart_echo/build/esp32/libesp32.a(system_api.o)
                              /home/rshah/esp/avitra_codes/velocity_control_of_motor/uart_echo/build/esp32/libesp32.a(panic.o) (esp_restart_noos)
/home/rshah/esp/avitra_codes/velocity_control_of_motor/uart_echo/build/esp32/libesp32.a(esp_timer.o)
                              /home/rshah/esp/avitra_codes/velocity_control_of_motor/uart_echo/build/esp32/libesp32.a(cpu_start.o) (esp_timer_init)
/home/rshah/esp/avitra_codes/velocity_control_of_motor/uart_echo/build/esp32/libesp32.a(dport_access.o)
                              /home/rshah/esp/avitra_codes/velocity_control_of_motor/uart_echo/build/esp32/libesp32.a(cpu_start.o) (esp_dport_access_stall_other_cpu_start)
/home/rshah/esp/avitra_codes/velocity_control_of_motor/uart_echo/build/esp32/libesp32.a(brownout.o)
                              /home/rshah/esp/avitra_codes/velocity_control_of_motor/uart_echo/build/esp32/libesp32.a(cpu_start.o) (esp_brownout_init)
/home/rshah/esp/avitra_codes/velocity_control_of_motor/uart_echo/build/esp32/libesp32.a(int_wdt.o)
                              /home/rshah/esp/avitra_codes/velocity_control_of_motor/uart_echo/build/esp32/libesp32.a(cpu_start.o) (esp_int_wdt_init)
/home/rshah/esp/avitra_codes/velocity_control_of_motor/uart_echo/build/esp32/libesp32.a(dport_panic_highint_hdl.o)
                              (ld_include_panic_highint_hdl)
/home/rshah/esp/avitra_codes/velocity_control_of_motor/uart_echo/build/esp32/libesp32.a(task_wdt.o)
                              /home/rshah/esp/avitra_codes/velocity_control_of_motor/uart_echo/build/esp32/libesp32.a(cpu_start.o) (esp_task_wdt_init)
/home/rshah/esp/avitra_codes/velocity_control_of_motor/uart_echo/build/esp32/libesp32.a(dbg_stubs.o)
                              /home/rshah/esp/avitra_codes/velocity_control_of_motor/uart_echo/build/esp32/libesp32.a(cpu_start.o) (esp_dbg_stubs_init)
/home/rshah/esp/avitra_codes/velocity_control_of_motor/uart_echo/build/esp32/libesp32.a(esp_timer_esp32.o)
                              /home/rshah/esp/avitra_codes/velocity_control_of_motor/uart_echo/build/esp32/libesp32.a(esp_timer.o) (esp_timer_impl_get_time)
/home/rshah/esp/avitra_codes/velocity_control_of_motor/uart_echo/build/esp32/libesp32.a(freertos_hooks.o)
                              /home/rshah/esp/avitra_codes/velocity_control_of_motor/uart_echo/build/esp32/libesp32.a(task_wdt.o) (esp_register_freertos_idle_hook_for_cpu)
/home/rshah/esp/esp-idf/components/esp32/libhal.a(int_asm--set_intclear.o)
                              /home/rshah/esp/avitra_codes/velocity_control_of_motor/uart_echo/build/esp32/libesp32.a(intr_alloc.o) (xthal_set_intclear)
[...]
Memory Configuration

Name             Origin             Length             Attributes
iram0_0_seg      0x0000000040080000 0x0000000000020000 xr
iram0_2_seg      0x00000000400d0018 0x000000000032ffe8 xr
dram0_0_seg      0x000000003ffb0000 0x000000000002c200 rw
drom0_0_seg      0x000000003f400018 0x00000000003fffe8 r
rtc_iram_seg     0x00000000400c0000 0x0000000000002000 xrw
rtc_slow_seg     0x0000000050000000 0x0000000000001000 rw
rtc_data_seg     0x0000000000000000 0xffffffffffffffff
rtc_data_location 0x0000000000000000 0xffffffffffffffff
*default*        0x0000000000000000 0xffffffffffffffff

Linker script and memory map

START GROUP
LOAD /home/rshah/esp/avitra_codes/velocity_control_of_motor/uart_echo/build/SRA/libSRA.a
LOAD /home/rshah/esp/avitra_codes/velocity_control_of_motor/uart_echo/build/app_trace/libapp_trace.a
LOAD /home/rshah/esp/avitra_codes/velocity_control_of_motor/uart_echo/build/app_update/libapp_update.a
LOAD /home/rshah/esp/avitra_codes/velocity_control_of_motor/uart_echo/build/bootloader_support/libbootloader_support.a
LOAD /home/rshah/esp/avitra_codes/velocity_control_of_motor/uart_echo/build/bt/libbt.a
LOAD /home/rshah/esp/avitra_codes/velocity_control_of_motor/uart_echo/build/coap/libcoap.a
LOAD /home/rshah/esp/avitra_codes/velocity_control_of_motor/uart_echo/build/console/libconsole.a
LOAD /home/rshah/esp/avitra_codes/velocity_control_of_motor/uart_echo/build/cxx/libcxx.a
LOAD /home/rshah/esp/avitra_codes/velocity_control_of_motor/uart_echo/build/driver/libdriver.a
LOAD /home/rshah/esp/avitra_codes/velocity_control_of_motor/uart_echo/build/encoder_commander/libencoder_commander.a
LOAD /home/rshah/esp/avitra_codes/velocity_control_of_motor/uart_echo/build/esp-tls/libesp-tls.a
LOAD /home/rshah/esp/avitra_codes/velocity_control_of_motor/uart_echo/build/esp32/libesp32.a
LOAD /home/rshah/esp/esp-idf/components/esp32/libhal.a
LOAD /home/rshah/esp/esp-idf/components/esp32/lib/libcore.a
LOAD /home/rshah/esp/esp-idf/components/esp32/lib/librtc.a
LOAD /home/rshah/esp/esp-idf/components/esp32/lib/libnet80211.a
LOAD /home/rshah/esp/esp-idf/components/esp32/lib/libpp.a
LOAD /home/rshah/esp/esp-idf/components/esp32/lib/libwpa.a
LOAD /home/rshah/esp/esp-idf/components/esp32/lib/libsmartconfig.a
LOAD /home/rshah/esp/esp-idf/components/esp32/lib/libcoexist.a
LOAD /home/rshah/esp/esp-idf/components/esp32/lib/libwps.a
LOAD /home/rshah/esp/esp-idf/components/esp32/lib/libwpa2.a
LOAD /home/rshah/esp/esp-idf/components/esp32/lib/libespnow.a
LOAD /home/rshah/esp/esp-idf/components/esp32/lib/libphy.a
LOAD /home/rshah/esp/esp-idf/components/esp32/lib/libmesh.a
LOAD /home/rshah/esp/avitra_codes/velocity_control_of_motor/uart_echo/build/esp_adc_cal/libesp_adc_cal.a
LOAD /home/rshah/esp/avitra_codes/velocity_control_of_motor/uart_echo/build/esp_http_client/libesp_http_client.a
LOAD /home/rshah/esp/avitra_codes/velocity_control_of_motor/uart_echo/build/ethernet/libethernet.a
LOAD /home/rshah/esp/avitra_codes/velocity_control_of_motor/uart_echo/build/expat/libexpat.a
LOAD /home/rshah/esp/avitra_codes/velocity_control_of_motor/uart_echo/build/fatfs/libfatfs.a
LOAD /home/rshah/esp/avitra_codes/velocity_control_of_motor/uart_echo/build/freertos/libfreertos.a
LOAD /home/rshah/esp/avitra_codes/velocity_control_of_motor/uart_echo/build/heap/libheap.a
LOAD /home/rshah/esp/avitra_codes/velocity_control_of_motor/uart_echo/build/idf_test/libidf_test.a
LOAD /home/rshah/esp/avitra_codes/velocity_control_of_motor/uart_echo/build/init_sra/libinit_sra.a
LOAD /home/rshah/esp/avitra_codes/velocity_control_of_motor/uart_echo/build/jsmn/libjsmn.a
LOAD /home/rshah/esp/avitra_codes/velocity_control_of_motor/uart_echo/build/json/libjson.a
LOAD /home/rshah/esp/avitra_codes/velocity_control_of_motor/uart_echo/build/libsodium/liblibsodium.a
LOAD /home/rshah/esp/avitra_codes/velocity_control_of_motor/uart_echo/build/log/liblog.a
LOAD /home/rshah/esp/avitra_codes/velocity_control_of_motor/uart_echo/build/lwip/liblwip.a
LOAD /home/rshah/esp/avitra_codes/velocity_control_of_motor/uart_echo/build/main/libmain.a
LOAD /home/rshah/esp/avitra_codes/velocity_control_of_motor/uart_echo/build/mbedtls/libmbedtls.a
LOAD /home/rshah/esp/avitra_codes/velocity_control_of_motor/uart_echo/build/mdns/libmdns.a
LOAD /home/rshah/esp/avitra_codes/velocity_control_of_motor/uart_echo/build/micro-ecc/libmicro-ecc.a
LOAD /home/rshah/esp/avitra_codes/velocity_control_of_motor/uart_echo/build/motor_commander/libmotor_commander.a
LOAD /home/rshah/esp/esp-idf/components/newlib/lib/libc.a
LOAD /home/rshah/esp/esp-idf/components/newlib/lib/libm.a
LOAD /home/rshah/esp/avitra_codes/velocity_control_of_motor/uart_echo/build/newlib/libnewlib.a
LOAD /home/rshah/esp/avitra_codes/velocity_control_of_motor/uart_echo/build/nghttp/libnghttp.a
LOAD /home/rshah/esp/avitra_codes/velocity_control_of_motor/uart_echo/build/nvs_flash/libnvs_flash.a
LOAD /home/rshah/esp/avitra_codes/velocity_control_of_motor/uart_echo/build/openssl/libopenssl.a
LOAD /home/rshah/esp/avitra_codes/velocity_control_of_motor/uart_echo/build/pin_defs/libpin_defs.a
LOAD /home/rshah/esp/avitra_codes/velocity_control_of_motor/uart_echo/build/pthread/libpthread.a
LOAD /home/rshah/esp/avitra_codes/velocity_control_of_motor/uart_echo/build/sdmmc/libsdmmc.a
LOAD /home/rshah/esp/avitra_codes/velocity_control_of_motor/uart_echo/build/smartconfig_ack/libsmartconfig_ack.a
LOAD /home/rshah/esp/avitra_codes/velocity_control_of_motor/uart_echo/build/soc/libsoc.a
LOAD /home/rshah/esp/avitra_codes/velocity_control_of_motor/uart_echo/build/spi_flash/libspi_flash.a
LOAD /home/rshah/esp/avitra_codes/velocity_control_of_motor/uart_echo/build/spiffs/libspiffs.a
LOAD /home/rshah/esp/avitra_codes/velocity_control_of_motor/uart_echo/build/tcpip_adapter/libtcpip_adapter.a
LOAD /home/rshah/esp/avitra_codes/velocity_control_of_motor/uart_echo/build/ulp/libulp.a
LOAD /home/rshah/esp/avitra_codes/velocity_control_of_motor/uart_echo/build/vfs/libvfs.a
LOAD /home/rshah/esp/avitra_codes/velocity_control_of_motor/uart_echo/build/wear_levelling/libwear_levelling.a
LOAD /home/rshah/esp/avitra_codes/velocity_control_of_motor/uart_echo/build/wpa_supplicant/libwpa_supplicant.a
LOAD /home/rshah/esp/avitra_codes/velocity_control_of_motor/uart_echo/build/xtensa-debug-module/libxtensa-debug-module.a
LOAD /home/rshah/esp/xtensa-esp32-elf/bin/../lib/gcc/xtensa-esp32-elf/5.2.0/libgcc.a
LOAD /home/rshah/esp/xtensa-esp32-elf/bin/../lib/gcc/xtensa-esp32-elf/5.2.0/../../../../xtensa-esp32-elf/lib/libstdc++.a
LOAD /home/rshah/esp/xtensa-esp32-elf/bin/../lib/gcc/xtensa-esp32-elf/5.2.0/libgcov.a
END GROUP
                0x0000000040000000                _heap_end = 0x40000000

.rtc.text       0x00000000400c0000        0x0
                0x00000000400c0000                . = ALIGN (0x4)
 *(.rtc.literal .rtc.text .rtc.text.*)
 *rtc_wake_stub*.*(.literal .text .literal.* .text.*)
                0x00000000400c0000                _rtc_text_end = ABSOLUTE (.)

.rtc.dummy      0x0000000000000000        0x0
                0x0000000000000000                _rtc_dummy_start = ABSOLUTE (.)
                0x0000000000000000                _rtc_fast_start = ABSOLUTE (.)
                0x0000000000000000                . = SIZEOF (.rtc.text)
                0x0000000000000000                _rtc_dummy_end = ABSOLUTE (.)

.rtc.force_fast
                0x0000000000000000        0x0
                0x0000000000000000                . = ALIGN (0x4)
                0x0000000000000000                _rtc_force_fast_start = ABSOLUTE (.)
 *(.rtc.force_fast .rtc.force_fast.*)
                0x0000000000000000                . = ALIGN (0x4)
                0x0000000000000000                _rtc_force_fast_end = ABSOLUTE (.)

.rtc.data       0x0000000000000000        0x0
                0x0000000000000000                _rtc_data_start = ABSOLUTE (.)
 *(.rtc.data .rtc.data.* .rtc.rodata .rtc.rodata.*)
 *rtc_wake_stub*.*(.data .rodata .data.* .rodata.* .bss .bss.*)
                0x0000000000000000                _rtc_data_end = ABSOLUTE (.)

.rtc.bss        0x0000000000000000        0x0
                0x0000000000000000                _rtc_bss_start = ABSOLUTE (.)
 *rtc_wake_stub*.*(.bss .bss.*)
 *rtc_wake_stub*.*(COMMON)
 *(.rtc.bss)
                0x0000000000000000                _rtc_bss_end = ABSOLUTE (.)

.rtc_noinit     0x0000000000000000        0x0
                0x0000000000000000                . = ALIGN (0x4)
                0x0000000000000000                _rtc_noinit_start = ABSOLUTE (.)
 *(.rtc_noinit .rtc_noinit.*)
                0x0000000000000000                . = ALIGN (0x4)
                0x0000000000000000                _rtc_noinit_end = ABSOLUTE (.)

.rtc.force_slow
                0x0000000050000000        0x0
                0x0000000050000000                . = ALIGN (0x4)
                0x0000000050000000                _rtc_force_slow_start = ABSOLUTE (.)
 *(.rtc.force_slow .rtc.force_slow.*)
                0x0000000050000000                . = ALIGN (0x4)
                0x0000000050000000                _rtc_force_slow_end = ABSOLUTE (.)
                0x0000000000000000                _rtc_slow_length = (ORIGIN (rtc_slow_seg) == ORIGIN (rtc_data_location))?(_rtc_force_slow_end - _rtc_data_start):(_rtc_force_slow_end - _rtc_force_slow_start)
                0x0000000000000000                _rtc_fast_length = (ORIGIN (rtc_slow_seg) == ORIGIN (rtc_data_location))?(_rtc_force_fast_end - _rtc_fast_start):(_rtc_noinit_end - _rtc_fast_start)
                0x0000000000000001                ASSERT ((_rtc_slow_length <= 0x1000), RTC_SLOW segment data does not fit.)
                0x0000000000000001                ASSERT ((_rtc_fast_length <= 0xffffffffffffffff), RTC_FAST segment data does not fit.)

.iram0.vectors  0x0000000040080000      0x400
                0x0000000040080000                _iram_start = ABSOLUTE (.)
                0x0000000040080000                _init_start = ABSOLUTE (.)
                0x0000000000000000                . = 0x0
 *(.WindowVectors.text)
 .WindowVectors.text
                0x0000000040080000      0x16a /home/rshah/esp/avitra_codes/velocity_control_of_motor/uart_echo/build/freertos/libfreertos.a(xtensa_vectors.o)
                0x0000000040080000                _WindowOverflow4
                0x0000000040080040                _WindowUnderflow4
                0x0000000040080050                _xt_alloca_exc
                0x0000000040080080                _WindowOverflow8
                0x00000000400800c0                _WindowUnderflow8
                0x0000000040080100                _WindowOverflow12
                0x0000000040080140                _WindowUnderflow12
                0x0000000000000180                . = 0x180
 *fill*         0x000000004008016a       0x16 
 *(.Level2InterruptVector.text)
 .Level2InterruptVector.text
                0x0000000040080180        0x6 /home/rshah/esp/avitra_codes/velocity_control_of_motor/uart_echo/build/freertos/libfreertos.a(xtensa_vectors.o)
                0x0000000040080180                _Level2Vector
                0x00000000000001c0                . = 0x1c0
 *fill*         0x0000000040080186       0x3a 
 *(.Level3InterruptVector.text)
 .Level3InterruptVector.text
                0x00000000400801c0        0x6 /home/rshah/esp/avitra_codes/velocity_control_of_motor/uart_echo/build/freertos/libfreertos.a(xtensa_vectors.o)
                0x00000000400801c0                _Level3Vector
                0x0000000000000200                . = 0x200
 *fill*         0x00000000400801c6       0x3a 
 *(.Level4InterruptVector.text)
 .Level4InterruptVector.text
                0x0000000040080200        0x6 /home/rshah/esp/avitra_codes/velocity_control_of_motor/uart_echo/build/freertos/libfreertos.a(xtensa_vectors.o)
                0x0000000040080200                _Level4Vector
                0x0000000000000240                . = 0x240
 *fill*         0x0000000040080206       0x3a 
 *(.Level5InterruptVector.text)
 .Level5InterruptVector.text
                0x0000000040080240        0x6 /home/rshah/esp/avitra_codes/velocity_control_of_motor/uart_echo/build/freertos/libfreertos.a(xtensa_vectors.o)
                0x0000000040080240                _Level5Vector
                0x0000000000000280                . = 0x280
 *fill*         0x0000000040080246       0x3a 
 *(.DebugExceptionVector.text)
 .DebugExceptionVector.text
                0x0000000040080280        0x6 /home/rshah/esp/avitra_codes/velocity_control_of_motor/uart_echo/build/freertos/libfreertos.a(xtensa_vectors.o)
                0x0000000040080280                _DebugExceptionVector
                0x00000000000002c0                . = 0x2c0
 *fill*         0x0000000040080286       0x3a 
 *(.NMIExceptionVector.text)
 .NMIExceptionVector.text
                0x00000000400802c0        0x6 /home/rshah/esp/avitra_codes/velocity_control_of_motor/uart_echo/build/freertos/libfreertos.a(xtensa_vectors.o)
                0x00000000400802c0                _NMIExceptionVector
                0x0000000000000300                . = 0x300
 *fill*         0x00000000400802c6       0x3a 
 *(.KernelExceptionVector.text)
 .KernelExceptionVector.text
                0x0000000040080300        0x6 /home/rshah/esp/avitra_codes/velocity_control_of_motor/uart_echo/build/freertos/libfreertos.a(xtensa_vectors.o)
                0x0000000040080300                _KernelExceptionVector
                0x0000000000000340                . = 0x340
 *fill*         0x0000000040080306       0x3a 
 *(.UserExceptionVector.text)
 .UserExceptionVector.text
                0x0000000040080340        0x6 /home/rshah/esp/avitra_codes/velocity_control_of_motor/uart_echo/build/freertos/libfreertos.a(xtensa_vectors.o)
                0x0000000040080340                _UserExceptionVector
                0x00000000000003c0                . = 0x3c0
 *fill*         0x0000000040080346       0x7a 
 *(.DoubleExceptionVector.text)
 .DoubleExceptionVector.text
                0x00000000400803c0        0xf /home/rshah/esp/avitra_codes/velocity_control_of_motor/uart_echo/build/freertos/libfreertos.a(xtensa_vectors.o)
                0x00000000400803c0                _DoubleExceptionVector
                0x0000000000000400                . = 0x400
 *fill*         0x00000000400803cf       0x31 
 *(.*Vector.literal)
 *(.UserEnter.literal)
 *(.UserEnter.text)
                0x0000000040080400                . = ALIGN (0x10)
 *(.entry.text)
 *(.init.literal)
 *(.init)
                0x0000000040080400                _init_end = ABSOLUTE (.)

.iram0.text     0x0000000040080400     0x97ac
                0x0000000040080400                _iram_text_start = ABSOLUTE (.)
 *(.iram1 .iram1.*)
 .iram1.literal
                0x0000000040080400       0xa8 /home/rshah/esp/avitra_codes/velocity_control_of_motor/uart_echo/build/esp32/libesp32.a(cpu_start.o)
                                        0x1c4 (size before relaxing)
 .iram1.literal
                0x00000000400804a8        0xc /home/rshah/esp/avitra_codes/velocity_control_of_motor/uart_echo/build/esp32/libesp32.a(cache_err_int.o)
                                         0x18 (size before relaxing)
 .iram1.literal
                0x00000000400804b4        0xc /home/rshah/esp/avitra_codes/velocity_control_of_motor/uart_echo/build/esp32/libesp32.a(clk.o)
                                         0x18 (size before relaxing)
 .iram1.literal
                0x00000000400804c0       0x1c /home/rshah/esp/avitra_codes/velocity_control_of_motor/uart_echo/build/esp32/libesp32.a(crosscore_int.o)
                                         0x40 (size before relaxing)
 .iram1.literal
                0x00000000400804dc       0x20 /home/rshah/esp/avitra_codes/velocity_control_of_motor/uart_echo/build/esp32/libesp32.a(ipc.o)
                                         0x34 (size before relaxing)
 .iram1.literal
                0x00000000400804fc       0x20 /home/rshah/esp/avitra_codes/velocity_control_of_motor/uart_echo/build/esp32/libesp32.a(intr_alloc.o)
                                         0x7c (size before relaxing)
 .iram1.literal
                0x000000004008051c       0x6c /home/rshah/esp/avitra_codes/velocity_control_of_motor/uart_echo/build/esp32/libesp32.a(system_api.o)
                                         0xc0 (size before relaxing)
 .iram1.literal
                0x0000000040080588       0x24 /home/rshah/esp/avitra_codes/velocity_control_of_motor/uart_echo/build/esp32/libesp32.a(esp_timer.o)
                                         0x60 (size before relaxing)
 .iram1.literal
                0x00000000400805ac       0x38 /home/rshah/esp/avitra_codes/velocity_control_of_motor/uart_echo/build/esp32/libesp32.a(dport_access.o)
                                         0x88 (size before relaxing)
 .iram1.literal
                0x00000000400805e4        0x4 /home/rshah/esp/avitra_codes/velocity_control_of_motor/uart_echo/build/esp32/libesp32.a(int_wdt.o)
                                          0xc (size before relaxing)
 .iram1.literal
                0x00000000400805e8       0x10 /home/rshah/esp/avitra_codes/velocity_control_of_motor/uart_echo/build/esp32/libesp32.a(dport_panic_highint_hdl.o)
                                         0x28 (size before relaxing)
 .iram1.literal
                0x00000000400805f8       0x60 /home/rshah/esp/avitra_codes/velocity_control_of_motor/uart_echo/build/esp32/libesp32.a(esp_timer_esp32.o)
                                         0xf8 (size before relaxing)
 .iram1.literal
                0x0000000040080658        0x4 /home/rshah/esp/avitra_codes/velocity_control_of_motor/uart_echo/build/esp32/libesp32.a(freertos_hooks.o)
 .iram1.literal
                0x000000004008065c        0x4 /home/rshah/esp/avitra_codes/velocity_control_of_motor/uart_echo/build/freertos/libfreertos.a(port.o)
 .iram1.literal
                0x0000000040080660       0x44 /home/rshah/esp/avitra_codes/velocity_control_of_motor/uart_echo/build/freertos/libfreertos.a(xtensa_vectors.o)
                                         0x68 (size before relaxing)
 .iram1.literal
                0x00000000400806a4       0x58 /home/rshah/esp/avitra_codes/velocity_control_of_motor/uart_echo/build/heap/libheap.a(heap_caps.o)
                                         0xb0 (size before relaxing)
 .iram1.literal
                0x00000000400806fc       0x24 /home/rshah/esp/avitra_codes/velocity_control_of_motor/uart_echo/build/log/liblog.a(log.o)
                                         0x48 (size before relaxing)
 .iram1.literal
                0x0000000040080720        0x4 /home/rshah/esp/avitra_codes/velocity_control_of_motor/uart_echo/build/newlib/libnewlib.a(time.o)
                                         0x1c (size before relaxing)
 .iram1.literal
                0x0000000040080724        0x8 /home/rshah/esp/avitra_codes/velocity_control_of_motor/uart_echo/build/newlib/libnewlib.a(reent_init.o)
                                         0x10 (size before relaxing)
 .iram1.literal
                0x000000004008072c        0x4 /home/rshah/esp/avitra_codes/velocity_control_of_motor/uart_echo/build/newlib/libnewlib.a(syscalls.o)
                                         0x14 (size before relaxing)
 .iram1.literal
                0x0000000040080730       0x14 /home/rshah/esp/avitra_codes/velocity_control_of_motor/uart_echo/build/newlib/libnewlib.a(locks.o)
                                         0x90 (size before relaxing)
 .iram1.literal
                0x0000000040080744       0x1c /home/rshah/esp/avitra_codes/velocity_control_of_motor/uart_echo/build/soc/libsoc.a(cpu_util.o)
                                         0x30 (size before relaxing)
 .iram1.literal
                0x0000000040080760       0x50 /home/rshah/esp/avitra_codes/velocity_control_of_motor/uart_echo/build/spi_flash/libspi_flash.a(cache_utils.o)
                                        0x120 (size before relaxing)
 .iram1.literal
                0x00000000400807b0       0x38 /home/rshah/esp/avitra_codes/velocity_control_of_motor/uart_echo/build/spi_flash/libspi_flash.a(flash_ops.o)
                                         0xe4 (size before relaxing)
 .iram1.literal
                0x00000000400807e8       0x48 /home/rshah/esp/avitra_codes/velocity_control_of_motor/uart_echo/build/spi_flash/libspi_flash.a(flash_mmap.o)
                                        0x108 (size before relaxing)
 .literal.esp_rom_spiflash_read_status
                0x0000000040080830       0x14 /home/rshah/esp/avitra_codes/velocity_control_of_motor/uart_echo/build/spi_flash/libspi_flash.a(spi_flash_rom_patch.o)
 .literal.esp_rom_spiflash_wait_idle
                0x0000000040080844        0x8 /home/rshah/esp/avitra_codes/velocity_control_of_motor/uart_echo/build/spi_flash/libspi_flash.a(spi_flash_rom_patch.o)
                                          0xc (size before relaxing)
 .literal.esp_rom_spiflash_erase_block_internal
                0x000000004008084c        0xc /home/rshah/esp/avitra_codes/velocity_control_of_motor/uart_echo/build/spi_flash/libspi_flash.a(spi_flash_rom_patch.o)
                                         0x18 (size before relaxing)
 .literal.esp_rom_spiflash_erase_sector_internal
                0x0000000040080858        0x4 /home/rshah/esp/avitra_codes/velocity_control_of_motor/uart_echo/build/spi_flash/libspi_flash.a(spi_flash_rom_patch.o)
                                         0x18 (size before relaxing)
 .literal.esp_rom_spiflash_read_data
                0x000000004008085c       0x1c /home/rshah/esp/avitra_codes/velocity_control_of_motor/uart_echo/build/spi_flash/libspi_flash.a(spi_flash_rom_patch.o)
                                         0x34 (size before relaxing)
 .literal.esp_rom_spiflash_enable_write
                0x0000000040080878        0x4 /home/rshah/esp/avitra_codes/velocity_control_of_motor/uart_echo/build/spi_flash/libspi_flash.a(spi_flash_rom_patch.o)
                                         0x10 (size before relaxing)
 .literal.esp_rom_spiflash_program_page_internal
                0x000000004008087c       0x10 /home/rshah/esp/avitra_codes/velocity_control_of_motor/uart_echo/build/spi_flash/libspi_flash.a(spi_flash_rom_patch.o)
                                         0x40 (size before relaxing)
 .literal.esp_rom_spiflash_read_statushigh
                0x000000004008088c        0x4 /home/rshah/esp/avitra_codes/velocity_control_of_motor/uart_echo/build/spi_flash/libspi_flash.a(spi_flash_rom_patch.o)
                                          0xc (size before relaxing)
 .literal.esp_rom_spiflash_write_status
                0x0000000040080890        0x4 /home/rshah/esp/avitra_codes/velocity_control_of_motor/uart_echo/build/spi_flash/libspi_flash.a(spi_flash_rom_patch.o)
                                         0x14 (size before relaxing)
 .literal.esp_rom_spiflash_unlock
                0x0000000040080894        0x8 /home/rshah/esp/avitra_codes/velocity_control_of_motor/uart_echo/build/spi_flash/libspi_flash.a(spi_flash_rom_patch.o)
                                         0x28 (size before relaxing)
 .literal.esp_rom_spiflash_erase_block
                0x000000004008089c       0x10 /home/rshah/esp/avitra_codes/velocity_control_of_motor/uart_echo/build/spi_flash/libspi_flash.a(spi_flash_rom_patch.o)
                                         0x20 (size before relaxing)
 .literal.esp_rom_spiflash_erase_sector
                0x00000000400808ac        0x0 /home/rshah/esp/avitra_codes/velocity_control_of_motor/uart_echo/build/spi_flash/libspi_flash.a(spi_flash_rom_patch.o)
                                         0x20 (size before relaxing)
 .literal.esp_rom_spiflash_write
                0x00000000400808ac        0x0 /home/rshah/esp/avitra_codes/velocity_control_of_motor/uart_echo/build/spi_flash/libspi_flash.a(spi_flash_rom_patch.o)
                                         0x28 (size before relaxing)
 .literal.esp_rom_spiflash_write_encrypted
                0x00000000400808ac        0xc /home/rshah/esp/avitra_codes/velocity_control_of_motor/uart_echo/build/spi_flash/libspi_flash.a(spi_flash_rom_patch.o)
                                         0x10 (size before relaxing)
 .literal.esp_rom_spiflash_read
                0x00000000400808b8       0x30 /home/rshah/esp/avitra_codes/velocity_control_of_motor/uart_echo/build/spi_flash/libspi_flash.a(spi_flash_rom_patch.o)
                                         0x5c (size before relaxing)
 .literal       0x00000000400808e8        0x4 /home/rshah/esp/esp-idf/components/esp32/libhal.a(windowspill_asm.o)
 .literal.panicPutChar
                0x00000000400808ec        0x8 /home/rshah/esp/avitra_codes/velocity_control_of_motor/uart_echo/build/esp32/libesp32.a(panic.o)
 .literal.panicPutStr
                0x00000000400808f4        0x0 /home/rshah/esp/avitra_codes/velocity_control_of_motor/uart_echo/build/esp32/libesp32.a(panic.o)
                                          0x4 (size before relaxing)
 .literal.panicPutHex
                0x00000000400808f4        0x0 /home/rshah/esp/avitra_codes/velocity_control_of_motor/uart_echo/build/esp32/libesp32.a(panic.o)
                                          0x8 (size before relaxing)
 .literal.panicPutDec
                0x00000000400808f4        0x4 /home/rshah/esp/avitra_codes/velocity_control_of_motor/uart_echo/build/esp32/libesp32.a(panic.o)
                                         0x10 (size before relaxing)
 .literal.reconfigureAllWdts
                0x00000000400808f8       0x10 /home/rshah/esp/avitra_codes/velocity_control_of_motor/uart_echo/build/esp32/libesp32.a(panic.o)
                                         0x24 (size before relaxing)
 .literal.putEntry
                0x0000000040080908        0xc /home/rshah/esp/avitra_codes/velocity_control_of_motor/uart_echo/build/esp32/libesp32.a(panic.o)
                                         0x20 (size before relaxing)
 .literal.doBacktrace
                0x0000000040080914       0x10 /home/rshah/esp/avitra_codes/velocity_control_of_motor/uart_echo/build/esp32/libesp32.a(panic.o)
                                         0x24 (size before relaxing)
 .literal.invoke_abort
                0x0000000040080924        0x4 /home/rshah/esp/avitra_codes/velocity_control_of_motor/uart_echo/build/esp32/libesp32.a(panic.o)
                                          0x8 (size before relaxing)
 .literal.haltOtherCore
                0x0000000040080928        0x0 /home/rshah/esp/avitra_codes/velocity_control_of_motor/uart_echo/build/esp32/libesp32.a(panic.o)
                                          0x4 (size before relaxing)
 .literal.esp_panic_wdt_start
                0x0000000040080928       0x14 /home/rshah/esp/avitra_codes/velocity_control_of_motor/uart_echo/build/esp32/libesp32.a(panic.o)
                                         0x2c (size before relaxing)
 .literal.commonErrorHandler_dump
                0x000000004008093c       0x30 /home/rshah/esp/avitra_codes/velocity_control_of_motor/uart_echo/build/esp32/libesp32.a(panic.o)
                                         0x90 (size before relaxing)
 .literal.esp_panic_dig_reset
                0x000000004008096c        0x0 /home/rshah/esp/avitra_codes/velocity_control_of_motor/uart_echo/build/esp32/libesp32.a(panic.o)
                                         0x14 (size before relaxing)
 .literal.abort
                0x000000004008096c        0x8 /home/rshah/esp/avitra_codes/velocity_control_of_motor/uart_echo/build/esp32/libesp32.a(panic.o)
                                         0x10 (size before relaxing)
 .literal.vApplicationStackOverflowHook
                0x0000000040080974        0x8 /home/rshah/esp/avitra_codes/velocity_control_of_motor/uart_echo/build/esp32/libesp32.a(panic.o)
                                         0x18 (size before relaxing)
 .literal.esp_panic_wdt_stop
                0x000000004008097c        0x0 /home/rshah/esp/avitra_codes/velocity_control_of_motor/uart_echo/build/esp32/libesp32.a(panic.o)
                                         0x18 (size before relaxing)
 .literal.commonErrorHandler
                0x000000004008097c        0x4 /home/rshah/esp/avitra_codes/velocity_control_of_motor/uart_echo/build/esp32/libesp32.a(panic.o)
                                         0x28 (size before relaxing)
 .literal.panicHandler
                0x0000000040080980       0x34 /home/rshah/esp/avitra_codes/velocity_control_of_motor/uart_echo/build/esp32/libesp32.a(panic.o)
                                         0xa4 (size before relaxing)
 .literal.xt_unhandled_exception
                0x00000000400809b4       0x18 /home/rshah/esp/avitra_codes/velocity_control_of_motor/uart_echo/build/esp32/libesp32.a(panic.o)
                                         0x60 (size before relaxing)
 .literal._esp_error_check_failed
                0x00000000400809cc       0x14 /home/rshah/esp/avitra_codes/velocity_control_of_motor/uart_echo/build/esp32/libesp32.a(panic.o)
                                         0x30 (size before relaxing)
 .literal.rtc_clk_32k_enable_internal
                0x00000000400809e0       0x14 /home/rshah/esp/avitra_codes/velocity_control_of_motor/uart_echo/build/soc/libsoc.a(rtc_clk.o)
 .literal.rtc_clk_32k_enable
                0x00000000400809f4        0x4 /home/rshah/esp/avitra_codes/velocity_control_of_motor/uart_echo/build/soc/libsoc.a(rtc_clk.o)
                                          0xc (size before relaxing)
 .literal.rtc_clk_32k_bootstrap
                0x00000000400809f8        0xc /home/rshah/esp/avitra_codes/velocity_control_of_motor/uart_echo/build/soc/libsoc.a(rtc_clk.o)
                                         0x34 (size before relaxing)
 .literal.rtc_clk_slow_freq_set
                0x0000000040080a04        0x4 /home/rshah/esp/avitra_codes/velocity_control_of_motor/uart_echo/build/soc/libsoc.a(rtc_clk.o)
                                          0xc (size before relaxing)
 .literal.rtc_clk_slow_freq_get
                0x0000000040080a08        0x0 /home/rshah/esp/avitra_codes/velocity_control_of_motor/uart_echo/build/soc/libsoc.a(rtc_clk.o)
                                          0x4 (size before relaxing)
 .literal.rtc_clk_slow_freq_get_hz
                0x0000000040080a08        0xc /home/rshah/esp/avitra_codes/velocity_control_of_motor/uart_echo/build/soc/libsoc.a(rtc_clk.o)
                                         0x10 (size before relaxing)
 .literal.rtc_clk_fast_freq_set
                0x0000000040080a14        0x0 /home/rshah/esp/avitra_codes/velocity_control_of_motor/uart_echo/build/soc/libsoc.a(rtc_clk.o)
                                          0xc (size before relaxing)
 .literal.rtc_clk_bbpll_set
                0x0000000040080a14        0xc /home/rshah/esp/avitra_codes/velocity_control_of_motor/uart_echo/build/soc/libsoc.a(rtc_clk.o)
                                         0x38 (size before relaxing)
 .literal.rtc_clk_xtal_freq_get
                0x0000000040080a20        0xc /home/rshah/esp/avitra_codes/velocity_control_of_motor/uart_echo/build/soc/libsoc.a(rtc_clk.o)
                                         0x1c (size before relaxing)
 .literal.rtc_clk_cpu_freq_get
                0x0000000040080a2c       0x14 /home/rshah/esp/avitra_codes/velocity_control_of_motor/uart_echo/build/soc/libsoc.a(rtc_clk.o)
                                         0x2c (size before relaxing)
 .literal.rtc_clk_cpu_freq_value
                0x0000000040080a40       0x1c /home/rshah/esp/avitra_codes/velocity_control_of_motor/uart_echo/build/soc/libsoc.a(rtc_clk.o)
                                         0x2c (size before relaxing)
 .literal.rtc_clk_apb_freq_update
                0x0000000040080a5c        0x4 /home/rshah/esp/avitra_codes/velocity_control_of_motor/uart_echo/build/soc/libsoc.a(rtc_clk.o)
                                          0x8 (size before relaxing)
 .literal.rtc_clk_cpu_freq_set
                0x0000000040080a60       0x14 /home/rshah/esp/avitra_codes/velocity_control_of_motor/uart_echo/build/soc/libsoc.a(rtc_clk.o)
                                         0x88 (size before relaxing)
 .literal.rtc_clk_apb_freq_get
                0x0000000040080a74        0x8 /home/rshah/esp/avitra_codes/velocity_control_of_motor/uart_echo/build/soc/libsoc.a(rtc_clk.o)
                                         0x14 (size before relaxing)
 .literal.rtc_init
                0x0000000040080a7c       0x74 /home/rshah/esp/avitra_codes/velocity_control_of_motor/uart_echo/build/soc/libsoc.a(rtc_init.o)
                                         0xdc (size before relaxing)
 .literal.rtc_clk_cal_internal
                0x0000000040080af0       0x10 /home/rshah/esp/avitra_codes/velocity_control_of_motor/uart_echo/build/soc/libsoc.a(rtc_time.o)
                                         0x3c (size before relaxing)
 .literal.rtc_clk_cal
                0x0000000040080b00        0x0 /home/rshah/esp/avitra_codes/velocity_control_of_motor/uart_echo/build/soc/libsoc.a(rtc_time.o)
                                          0xc (size before relaxing)
 .literal.rtc_time_get
                0x0000000040080b00       0x10 /home/rshah/esp/avitra_codes/velocity_control_of_motor/uart_echo/build/soc/libsoc.a(rtc_time.o)
                                         0x18 (size before relaxing)
 .literal.rtc_clk_wait_for_slow_cycle
                0x0000000040080b10        0x8 /home/rshah/esp/avitra_codes/velocity_control_of_motor/uart_echo/build/soc/libsoc.a(rtc_time.o)
                                         0x20 (size before relaxing)
 .literal.xt_unhandled_interrupt
                0x0000000040080b18        0x4 /home/rshah/esp/avitra_codes/velocity_control_of_motor/uart_echo/build/freertos/libfreertos.a(xtensa_intr.o)
                                          0x8 (size before relaxing)
 .literal.xt_set_interrupt_handler
                0x0000000040080b1c        0x8 /home/rshah/esp/avitra_codes/velocity_control_of_motor/uart_echo/build/freertos/libfreertos.a(xtensa_intr.o)
                                          0xc (size before relaxing)
 .literal.prvIsQueueFull
                0x0000000040080b24        0x0 /home/rshah/esp/avitra_codes/velocity_control_of_motor/uart_echo/build/freertos/libfreertos.a(queue.o)
                                          0x8 (size before relaxing)
 .literal.prvCopyDataToQueue
                0x0000000040080b24        0x0 /home/rshah/esp/avitra_codes/velocity_control_of_motor/uart_echo/build/freertos/libfreertos.a(queue.o)
                                          0xc (size before relaxing)
 .literal.prvNotifyQueueSetContainer
                0x0000000040080b24       0x14 /home/rshah/esp/avitra_codes/velocity_control_of_motor/uart_echo/build/freertos/libfreertos.a(queue.o)
                                         0x2c (size before relaxing)
 .literal.prvCopyDataFromQueue
                0x0000000040080b38        0x0 /home/rshah/esp/avitra_codes/velocity_control_of_motor/uart_echo/build/freertos/libfreertos.a(queue.o)
                                          0x4 (size before relaxing)
 .literal.xQueueGenericReset
                0x0000000040080b38        0x4 /home/rshah/esp/avitra_codes/velocity_control_of_motor/uart_echo/build/freertos/libfreertos.a(queue.o)
                                         0x30 (size before relaxing)
 .literal.prvInitialiseNewQueue
                0x0000000040080b3c        0x0 /home/rshah/esp/avitra_codes/velocity_control_of_motor/uart_echo/build/freertos/libfreertos.a(queue.o)
                                          0x4 (size before relaxing)
 .literal.xQueueGenericCreate
                0x0000000040080b3c        0x4 /home/rshah/esp/avitra_codes/velocity_control_of_motor/uart_echo/build/freertos/libfreertos.a(queue.o)
                                         0x1c (size before relaxing)
 .literal.xQueueGetMutexHolder
                0x0000000040080b40        0x0 /home/rshah/esp/avitra_codes/velocity_control_of_motor/uart_echo/build/freertos/libfreertos.a(queue.o)
                                          0x8 (size before relaxing)
 .literal.xQueueCreateCountingSemaphore
                0x0000000040080b40        0x4 /home/rshah/esp/avitra_codes/velocity_control_of_motor/uart_echo/build/freertos/libfreertos.a(queue.o)
                                         0x28 (size before relaxing)
 .literal.xQueueGenericSend
                0x0000000040080b44        0x4 /home/rshah/esp/avitra_codes/velocity_control_of_motor/uart_echo/build/freertos/libfreertos.a(queue.o)
                                         0x7c (size before relaxing)
 .literal.prvInitialiseMutex
                0x0000000040080b48        0x0 /home/rshah/esp/avitra_codes/velocity_control_of_motor/uart_echo/build/freertos/libfreertos.a(queue.o)
                                          0x8 (size before relaxing)
 .literal.xQueueCreateMutex
                0x0000000040080b48        0x0 /home/rshah/esp/avitra_codes/velocity_control_of_motor/uart_echo/build/freertos/libfreertos.a(queue.o)
                                          0x8 (size before relaxing)
 .literal.xQueueGiveMutexRecursive
                0x0000000040080b48        0x4 /home/rshah/esp/avitra_codes/velocity_control_of_motor/uart_echo/build/freertos/libfreertos.a(queue.o)
                                         0x1c (size before relaxing)
 .literal.xQueueGenericSendFromISR
                0x0000000040080b4c        0x4 /home/rshah/esp/avitra_codes/velocity_control_of_motor/uart_echo/build/freertos/libfreertos.a(queue.o)
                                         0x3c (size before relaxing)
 .literal.xQueueGiveFromISR
                0x0000000040080b50        0x4 /home/rshah/esp/avitra_codes/velocity_control_of_motor/uart_echo/build/freertos/libfreertos.a(queue.o)
                                         0x30 (size before relaxing)
 .literal.xQueueGenericReceive
                0x0000000040080b54        0x4 /home/rshah/esp/avitra_codes/velocity_control_of_motor/uart_echo/build/freertos/libfreertos.a(queue.o)
                                         0x78 (size before relaxing)
 .literal.xQueueTakeMutexRecursive
                0x0000000040080b58        0x4 /home/rshah/esp/avitra_codes/velocity_control_of_motor/uart_echo/build/freertos/libfreertos.a(queue.o)
                                         0x1c (size before relaxing)
 .literal.xQueueReceiveFromISR
                0x0000000040080b5c        0x4 /home/rshah/esp/avitra_codes/velocity_control_of_motor/uart_echo/build/freertos/libfreertos.a(queue.o)
                                         0x30 (size before relaxing)
 .literal.uxQueueSpacesAvailable
                0x0000000040080b60        0x4 /home/rshah/esp/avitra_codes/velocity_control_of_motor/uart_echo/build/freertos/libfreertos.a(queue.o)
                                         0x1c (size before relaxing)
 .literal.vQueueDelete
                0x0000000040080b64        0x4 /home/rshah/esp/avitra_codes/velocity_control_of_motor/uart_echo/build/freertos/libfreertos.a(queue.o)
                                         0x18 (size before relaxing)
 .literal.vQueueWaitForMessageRestricted
                0x0000000040080b68        0x0 /home/rshah/esp/avitra_codes/velocity_control_of_motor/uart_echo/build/freertos/libfreertos.a(queue.o)
                                          0xc (size before relaxing)
 .literal.pxPortInitialiseStack
                0x0000000040080b68       0x10 /home/rshah/esp/avitra_codes/velocity_control_of_motor/uart_echo/build/freertos/libfreertos.a(port.o)
                                         0x18 (size before relaxing)
 .literal.xPortStartScheduler
                0x0000000040080b78        0x0 /home/rshah/esp/avitra_codes/velocity_control_of_motor/uart_echo/build/freertos/libfreertos.a(port.o)
                                         0x14 (size before relaxing)
 .literal.xPortSysTickHandler
                0x0000000040080b78        0x0 /home/rshah/esp/avitra_codes/velocity_control_of_motor/uart_echo/build/freertos/libfreertos.a(port.o)
                                          0x8 (size before relaxing)
 .literal.vPortYieldOtherCore
                0x0000000040080b78        0x0 /home/rshah/esp/avitra_codes/velocity_control_of_motor/uart_echo/build/freertos/libfreertos.a(port.o)
                                          0x4 (size before relaxing)
 .literal.vPortReleaseTaskMPUSettings
                0x0000000040080b78        0x0 /home/rshah/esp/avitra_codes/velocity_control_of_motor/uart_echo/build/freertos/libfreertos.a(port.o)
                                          0x4 (size before relaxing)
 .literal.xPortInIsrContext
                0x0000000040080b78        0x0 /home/rshah/esp/avitra_codes/velocity_control_of_motor/uart_echo/build/freertos/libfreertos.a(port.o)
                                          0x8 (size before relaxing)
 .literal.vPortCPUInitializeMutex
                0x0000000040080b78        0x4 /home/rshah/esp/avitra_codes/velocity_control_of_motor/uart_echo/build/freertos/libfreertos.a(port.o)
 .literal.vPortCPUAcquireMutex
                0x0000000040080b7c       0x1c /home/rshah/esp/avitra_codes/velocity_control_of_motor/uart_echo/build/freertos/libfreertos.a(port.o)
                                         0x30 (size before relaxing)
 .literal.vPortCPUReleaseMutex
                0x0000000040080b98       0x10 /home/rshah/esp/avitra_codes/velocity_control_of_motor/uart_echo/build/freertos/libfreertos.a(port.o)
                                         0x28 (size before relaxing)
 .literal.prvResetNextTaskUnblockTime
                0x0000000040080ba8        0x8 /home/rshah/esp/avitra_codes/velocity_control_of_motor/uart_echo/build/freertos/libfreertos.a(tasks.o)
 .literal.prvDeleteTLS
                0x0000000040080bb0       0x10 /home/rshah/esp/avitra_codes/velocity_control_of_motor/uart_echo/build/freertos/libfreertos.a(tasks.o)
                                         0x18 (size before relaxing)
 .literal.prvInitialiseNewTask
                0x0000000040080bc0        0x0 /home/rshah/esp/avitra_codes/velocity_control_of_motor/uart_echo/build/freertos/libfreertos.a(tasks.o)
                                         0x18 (size before relaxing)
 .literal.prvInitialiseTaskLists
                0x0000000040080bc0       0x20 /home/rshah/esp/avitra_codes/velocity_control_of_motor/uart_echo/build/freertos/libfreertos.a(tasks.o)
                                         0x40 (size before relaxing)
 .literal.prvDeleteTCB
                0x0000000040080be0        0x8 /home/rshah/esp/avitra_codes/velocity_control_of_motor/uart_echo/build/freertos/libfreertos.a(tasks.o)
                                         0x2c (size before relaxing)
 .literal.prvAddCurrentTaskToDelayedList
                0x0000000040080be8        0x4 /home/rshah/esp/avitra_codes/velocity_control_of_motor/uart_echo/build/freertos/libfreertos.a(tasks.o)
                                         0x1c (size before relaxing)
 .literal.taskYIELD_OTHER_CORE
                0x0000000040080bec        0x0 /home/rshah/esp/avitra_codes/velocity_control_of_motor/uart_echo/build/freertos/libfreertos.a(tasks.o)
                                         0x10 (size before relaxing)
 .literal.vTaskSuspendAll
                0x0000000040080bec        0x4 /home/rshah/esp/avitra_codes/velocity_control_of_motor/uart_echo/build/freertos/libfreertos.a(tasks.o)
                                          0x8 (size before relaxing)
 .literal.xTaskGetIdleTaskHandleForCPU
                0x0000000040080bf0        0xc /home/rshah/esp/avitra_codes/velocity_control_of_motor/uart_echo/build/freertos/libfreertos.a(tasks.o)
                                         0x1c (size before relaxing)
 .literal.vTaskSwitchContext
                0x0000000040080bfc       0x18 /home/rshah/esp/avitra_codes/velocity_control_of_motor/uart_echo/build/freertos/libfreertos.a(tasks.o)
                                         0x3c (size before relaxing)
 .literal.vTaskSetTimeOutState
                0x0000000040080c14        0xc /home/rshah/esp/avitra_codes/velocity_control_of_motor/uart_echo/build/freertos/libfreertos.a(tasks.o)
                                         0x20 (size before relaxing)
 .literal.xTaskGetCurrentTaskHandle
                0x0000000040080c20        0x0 /home/rshah/esp/avitra_codes/velocity_control_of_motor/uart_echo/build/freertos/libfreertos.a(tasks.o)
                                          0x8 (size before relaxing)
 .literal.__getreent
                0x0000000040080c20        0x0 /home/rshah/esp/avitra_codes/velocity_control_of_motor/uart_echo/build/freertos/libfreertos.a(tasks.o)
                                          0x8 (size before relaxing)
 .literal.pcTaskGetTaskName
                0x0000000040080c20        0x8 /home/rshah/esp/avitra_codes/velocity_control_of_motor/uart_echo/build/freertos/libfreertos.a(tasks.o)
                                         0x1c (size before relaxing)
 .literal.xTaskGetAffinity
                0x0000000040080c28        0x0 /home/rshah/esp/avitra_codes/velocity_control_of_motor/uart_echo/build/freertos/libfreertos.a(tasks.o)
                                          0x4 (size before relaxing)
 .literal.xTaskGetCurrentTaskHandleForCPU
                0x0000000040080c28        0x0 /home/rshah/esp/avitra_codes/velocity_control_of_motor/uart_echo/build/freertos/libfreertos.a(tasks.o)
                                          0x4 (size before relaxing)
 .literal.xTaskGetSchedulerState
                0x0000000040080c28        0x4 /home/rshah/esp/avitra_codes/velocity_control_of_motor/uart_echo/build/freertos/libfreertos.a(tasks.o)
                                          0xc (size before relaxing)
 .literal.vTaskEnterCritical
                0x0000000040080c2c       0x14 /home/rshah/esp/avitra_codes/velocity_control_of_motor/uart_echo/build/freertos/libfreertos.a(tasks.o)
                                         0x34 (size before relaxing)
 .literal.vTaskExitCritical
                0x0000000040080c40       0x10 /home/rshah/esp/avitra_codes/velocity_control_of_motor/uart_echo/build/freertos/libfreertos.a(tasks.o)
                                         0x30 (size before relaxing)
 .literal.prvAddNewTaskToReadyList
                0x0000000040080c50       0x10 /home/rshah/esp/avitra_codes/velocity_control_of_motor/uart_echo/build/freertos/libfreertos.a(tasks.o)
                                         0x58 (size before relaxing)
 .literal.xTaskCreatePinnedToCore
                0x0000000040080c60        0x0 /home/rshah/esp/avitra_codes/velocity_control_of_motor/uart_echo/build/freertos/libfreertos.a(tasks.o)
                                         0x18 (size before relaxing)
 .literal.vTaskStartScheduler
                0x0000000040080c60       0x10 /home/rshah/esp/avitra_codes/velocity_control_of_motor/uart_echo/build/freertos/libfreertos.a(tasks.o)
                                         0x38 (size before relaxing)
 .literal.vTaskDelete
                0x0000000040080c70        0x8 /home/rshah/esp/avitra_codes/velocity_control_of_motor/uart_echo/build/freertos/libfreertos.a(tasks.o)
                                         0x60 (size before relaxing)
 .literal.vTaskDelay
                0x0000000040080c78        0x4 /home/rshah/esp/avitra_codes/velocity_control_of_motor/uart_echo/build/freertos/libfreertos.a(tasks.o)
                                         0x38 (size before relaxing)
 .literal.uxTaskPriorityGet
                0x0000000040080c7c        0x0 /home/rshah/esp/avitra_codes/velocity_control_of_motor/uart_echo/build/freertos/libfreertos.a(tasks.o)
                                         0x10 (size before relaxing)
 .literal.vTaskPrioritySet
                0x0000000040080c7c        0x4 /home/rshah/esp/avitra_codes/velocity_control_of_motor/uart_echo/build/freertos/libfreertos.a(tasks.o)
                                         0x44 (size before relaxing)
 .literal.prvCheckTasksWaitingTermination
                0x0000000040080c80        0x8 /home/rshah/esp/avitra_codes/velocity_control_of_motor/uart_echo/build/freertos/libfreertos.a(tasks.o)
                                         0x30 (size before relaxing)
 .literal.prvIdleTask
                0x0000000040080c88        0x0 /home/rshah/esp/avitra_codes/velocity_control_of_motor/uart_echo/build/freertos/libfreertos.a(tasks.o)
                                          0xc (size before relaxing)
 .literal.xTaskGetTickCount
                0x0000000040080c88        0x4 /home/rshah/esp/avitra_codes/velocity_control_of_motor/uart_echo/build/freertos/libfreertos.a(tasks.o)
                                         0x10 (size before relaxing)
 .literal.xTaskIncrementTick
                0x0000000040080c8c        0xc /home/rshah/esp/avitra_codes/velocity_control_of_motor/uart_echo/build/freertos/libfreertos.a(tasks.o)
                                         0x78 (size before relaxing)
 .literal.xTaskResumeAll
                0x0000000040080c98        0x8 /home/rshah/esp/avitra_codes/velocity_control_of_motor/uart_echo/build/freertos/libfreertos.a(tasks.o)
                                         0x5c (size before relaxing)
 .literal.vTaskPlaceOnEventList
                0x0000000040080ca0        0x8 /home/rshah/esp/avitra_codes/velocity_control_of_motor/uart_echo/build/freertos/libfreertos.a(tasks.o)
                                         0x40 (size before relaxing)
 .literal.vTaskPlaceOnEventListRestricted
                0x0000000040080ca8        0x8 /home/rshah/esp/avitra_codes/velocity_control_of_motor/uart_echo/build/freertos/libfreertos.a(tasks.o)
                                         0x38 (size before relaxing)
 .literal.xTaskRemoveFromEventList
                0x0000000040080cb0        0x8 /home/rshah/esp/avitra_codes/velocity_control_of_motor/uart_echo/build/freertos/libfreertos.a(tasks.o)
                                         0x58 (size before relaxing)
 .literal.xTaskCheckForTimeOut
                0x0000000040080cb8        0xc /home/rshah/esp/avitra_codes/velocity_control_of_motor/uart_echo/build/freertos/libfreertos.a(tasks.o)
                                         0x3c (size before relaxing)
 .literal.vTaskPriorityInherit
                0x0000000040080cc4        0x0 /home/rshah/esp/avitra_codes/velocity_control_of_motor/uart_echo/build/freertos/libfreertos.a(tasks.o)
                                         0x2c (size before relaxing)
 .literal.xTaskPriorityDisinherit
                0x0000000040080cc4        0x8 /home/rshah/esp/avitra_codes/velocity_control_of_motor/uart_echo/build/freertos/libfreertos.a(tasks.o)
                                         0x40 (size before relaxing)
 .literal.pvTaskIncrementMutexHeldCount
                0x0000000040080ccc        0x0 /home/rshah/esp/avitra_codes/velocity_control_of_motor/uart_echo/build/freertos/libfreertos.a(tasks.o)
                                         0x10 (size before relaxing)
 .literal.prvGetNextExpireTime
                0x0000000040080ccc        0x4 /home/rshah/esp/avitra_codes/velocity_control_of_motor/uart_echo/build/freertos/libfreertos.a(timers.o)
 .literal.prvInsertTimerInActiveList
                0x0000000040080cd0        0x4 /home/rshah/esp/avitra_codes/velocity_control_of_motor/uart_echo/build/freertos/libfreertos.a(timers.o)
                                         0x10 (size before relaxing)
 .literal.prvCheckForValidListAndQueue
                0x0000000040080cd4       0x1c /home/rshah/esp/avitra_codes/velocity_control_of_motor/uart_echo/build/freertos/libfreertos.a(timers.o)
                                         0x44 (size before relaxing)
 .literal.xTimerCreateTimerTask
                0x0000000040080cf0       0x10 /home/rshah/esp/avitra_codes/velocity_control_of_motor/uart_echo/build/freertos/libfreertos.a(timers.o)
                                         0x2c (size before relaxing)
 .literal.xTimerGenericCommand
                0x0000000040080d00        0x0 /home/rshah/esp/avitra_codes/velocity_control_of_motor/uart_echo/build/freertos/libfreertos.a(timers.o)
                                         0x14 (size before relaxing)
 .literal.prvSwitchTimerLists
                0x0000000040080d00        0x4 /home/rshah/esp/avitra_codes/velocity_control_of_motor/uart_echo/build/freertos/libfreertos.a(timers.o)
                                         0x28 (size before relaxing)
 .literal.prvSampleTimeNow
                0x0000000040080d04        0x4 /home/rshah/esp/avitra_codes/velocity_control_of_motor/uart_echo/build/freertos/libfreertos.a(timers.o)
                                          0xc (size before relaxing)
 .literal.prvProcessExpiredTimer
                0x0000000040080d08        0x4 /home/rshah/esp/avitra_codes/velocity_control_of_motor/uart_echo/build/freertos/libfreertos.a(timers.o)
                                         0x24 (size before relaxing)
 .literal.prvProcessTimerOrBlockTask
                0x0000000040080d0c        0x0 /home/rshah/esp/avitra_codes/velocity_control_of_motor/uart_echo/build/freertos/libfreertos.a(timers.o)
                                         0x24 (size before relaxing)
 .literal.prvProcessReceivedCommands
                0x0000000040080d0c        0x8 /home/rshah/esp/avitra_codes/velocity_control_of_motor/uart_echo/build/freertos/libfreertos.a(timers.o)
                                         0x40 (size before relaxing)
 .literal.prvTimerTask
                0x0000000040080d14        0x0 /home/rshah/esp/avitra_codes/velocity_control_of_motor/uart_echo/build/freertos/libfreertos.a(timers.o)
                                          0xc (size before relaxing)
 .literal       0x0000000040080d14        0x0 /home/rshah/esp/avitra_codes/velocity_control_of_motor/uart_echo/build/freertos/libfreertos.a(xtensa_context.o)
                                         0x10 (size before relaxing)
 .literal       0x0000000040080d14        0xc /home/rshah/esp/avitra_codes/velocity_control_of_motor/uart_echo/build/freertos/libfreertos.a(portasm.o)
                                         0x54 (size before relaxing)
 .literal._xt_tick_divisor_init
                0x0000000040080d20        0x4 /home/rshah/esp/avitra_codes/velocity_control_of_motor/uart_echo/build/freertos/libfreertos.a(xtensa_init.o)
                                          0xc (size before relaxing)
 .literal.prvReturnItemByteBuf
                0x0000000040080d24        0xc /home/rshah/esp/avitra_codes/velocity_control_of_motor/uart_echo/build/freertos/libfreertos.a(ringbuf.o)
                                         0x1c (size before relaxing)
 .literal.prvGetItemByteBuf
                0x0000000040080d30        0x4 /home/rshah/esp/avitra_codes/velocity_control_of_motor/uart_echo/build/freertos/libfreertos.a(ringbuf.o)
                                         0x24 (size before relaxing)
 .literal.prvCheckItemFitsByteBuffer
                0x0000000040080d34        0x4 /home/rshah/esp/avitra_codes/velocity_control_of_motor/uart_echo/build/freertos/libfreertos.a(ringbuf.o)
                                         0x14 (size before relaxing)
 .literal.prvReturnItemDefault
                0x0000000040080d38        0x4 /home/rshah/esp/avitra_codes/velocity_control_of_motor/uart_echo/build/freertos/libfreertos.a(ringbuf.o)
                                         0x44 (size before relaxing)
 .literal.prvGetItemDefault
                0x0000000040080d3c        0x4 /home/rshah/esp/avitra_codes/velocity_control_of_motor/uart_echo/build/freertos/libfreertos.a(ringbuf.o)
                                         0x4c (size before relaxing)
 .literal.prvCheckItemFitsDefault
                0x0000000040080d40        0x4 /home/rshah/esp/avitra_codes/velocity_control_of_motor/uart_echo/build/freertos/libfreertos.a(ringbuf.o)
                                         0x1c (size before relaxing)
 .literal.prvGetFreeSize
                0x0000000040080d44        0x4 /home/rshah/esp/avitra_codes/velocity_control_of_motor/uart_echo/build/freertos/libfreertos.a(ringbuf.o)
                                         0x14 (size before relaxing)
 .literal.prvCopyItemByteBuf
                0x0000000040080d48        0x4 /home/rshah/esp/avitra_codes/velocity_control_of_motor/uart_echo/build/freertos/libfreertos.a(ringbuf.o)
                                         0x1c (size before relaxing)
 .literal.prvCopyItemAllowSplit
                0x0000000040080d4c        0x4 /home/rshah/esp/avitra_codes/velocity_control_of_motor/uart_echo/build/freertos/libfreertos.a(ringbuf.o)
                                         0x2c (size before relaxing)
 .literal.prvCopyItemNoSplit
                0x0000000040080d50        0x4 /home/rshah/esp/avitra_codes/velocity_control_of_motor/uart_echo/build/freertos/libfreertos.a(ringbuf.o)
                                         0x28 (size before relaxing)
 .literal.prvReceiveGeneric
                0x0000000040080d54        0x4 /home/rshah/esp/avitra_codes/velocity_control_of_motor/uart_echo/build/freertos/libfreertos.a(ringbuf.o)
                                         0x3c (size before relaxing)
 .literal.prvReceiveGenericFromISR
                0x0000000040080d58        0x4 /home/rshah/esp/avitra_codes/velocity_control_of_motor/uart_echo/build/freertos/libfreertos.a(ringbuf.o)
                                         0x2c (size before relaxing)
 .literal.xRingbufferCreate
                0x0000000040080d5c       0x38 /home/rshah/esp/avitra_codes/velocity_control_of_motor/uart_echo/build/freertos/libfreertos.a(ringbuf.o)
                                         0x6c (size before relaxing)
 .literal.xRingbufferSend
                0x0000000040080d94        0x4 /home/rshah/esp/avitra_codes/velocity_control_of_motor/uart_echo/build/freertos/libfreertos.a(ringbuf.o)
                                         0x40 (size before relaxing)
 .literal.xRingbufferSendFromISR
                0x0000000040080d98        0x4 /home/rshah/esp/avitra_codes/velocity_control_of_motor/uart_echo/build/freertos/libfreertos.a(ringbuf.o)
                                         0x30 (size before relaxing)
 .literal.xRingbufferReceive
                0x0000000040080d9c        0x4 /home/rshah/esp/avitra_codes/velocity_control_of_motor/uart_echo/build/freertos/libfreertos.a(ringbuf.o)
                                         0x18 (size before relaxing)
 .literal.xRingbufferReceiveFromISR
                0x0000000040080da0        0x4 /home/rshah/esp/avitra_codes/velocity_control_of_motor/uart_echo/build/freertos/libfreertos.a(ringbuf.o)
                                         0x18 (size before relaxing)
 .literal.vRingbufferReturnItem
                0x0000000040080da4        0x4 /home/rshah/esp/avitra_codes/velocity_control_of_motor/uart_echo/build/freertos/libfreertos.a(ringbuf.o)
                                         0x28 (size before relaxing)
 .literal.vRingbufferReturnItemFromISR
                0x0000000040080da8        0x4 /home/rshah/esp/avitra_codes/velocity_control_of_motor/uart_echo/build/freertos/libfreertos.a(ringbuf.o)
                                         0x28 (size before relaxing)
 .literal.vRingbufferDelete
                0x0000000040080dac        0x4 /home/rshah/esp/avitra_codes/velocity_control_of_motor/uart_echo/build/freertos/libfreertos.a(ringbuf.o)
                                         0x24 (size before relaxing)
 .literal.xRingbufferGetMaxItemSize
                0x0000000040080db0        0x4 /home/rshah/esp/avitra_codes/velocity_control_of_motor/uart_echo/build/freertos/libfreertos.a(ringbuf.o)
                                         0x14 (size before relaxing)
 .literal.get_prev_free_block
                0x0000000040080db4       0x10 /home/rshah/esp/avitra_codes/velocity_control_of_motor/uart_echo/build/heap/libheap.a(multi_heap.o)
                                         0x28 (size before relaxing)
 .literal.split_if_necessary
                0x0000000040080dc4       0x10 /home/rshah/esp/avitra_codes/velocity_control_of_motor/uart_echo/build/heap/libheap.a(multi_heap.o)
                                         0x50 (size before relaxing)
 .literal.assert_valid_block
                0x0000000040080dd4        0x0 /home/rshah/esp/avitra_codes/velocity_control_of_motor/uart_echo/build/heap/libheap.a(multi_heap.o)
                                         0x2c (size before relaxing)
 .literal.merge_adjacent
                0x0000000040080dd4        0x8 /home/rshah/esp/avitra_codes/velocity_control_of_motor/uart_echo/build/heap/libheap.a(multi_heap.o)
                                         0x4c (size before relaxing)
 .literal.multi_heap_get_allocated_size_impl
                0x0000000040080ddc        0x0 /home/rshah/esp/avitra_codes/velocity_control_of_motor/uart_echo/build/heap/libheap.a(multi_heap.o)
                                         0x10 (size before relaxing)
 .literal.multi_heap_malloc_impl
                0x0000000040080ddc        0x0 /home/rshah/esp/avitra_codes/velocity_control_of_motor/uart_echo/build/heap/libheap.a(multi_heap.o)
                                         0x28 (size before relaxing)
 .literal.multi_heap_free_impl
                0x0000000040080ddc        0x0 /home/rshah/esp/avitra_codes/velocity_control_of_motor/uart_echo/build/heap/libheap.a(multi_heap.o)
                                         0x50 (size before relaxing)
 .literal.multi_heap_realloc_impl
                0x0000000040080ddc        0x8 /home/rshah/esp/avitra_codes/velocity_control_of_motor/uart_echo/build/heap/libheap.a(multi_heap.o)
                                         0x68 (size before relaxing)
 .literal       0x0000000040080de4       0x10 /home/rshah/esp/esp-idf/components/newlib/lib/libm.a(lib_a-s_fpclassify.o)
                                         0x18 (size before relaxing)
 .iram1         0x0000000040080df4      0x27e /home/rshah/esp/avitra_codes/velocity_control_of_motor/uart_echo/build/esp32/libesp32.a(cpu_start.o)
                                        0x336 (size before relaxing)
                0x0000000040080df4                start_cpu0
                0x0000000040080df4                start_cpu0_default
                0x0000000040080ec4                start_cpu1_default
                0x0000000040080ec4                start_cpu1
                0x0000000040080f40                call_start_cpu0
 *fill*         0x0000000040081072        0x2 
 .iram1         0x0000000040081074       0x2c /home/rshah/esp/avitra_codes/velocity_control_of_motor/uart_echo/build/esp32/libesp32.a(cache_err_int.o)
                                         0x34 (size before relaxing)
                0x0000000040081074                esp_cache_err_get_cpuid
 .iram1         0x00000000400810a0       0x37 /home/rshah/esp/avitra_codes/velocity_control_of_motor/uart_echo/build/esp32/libesp32.a(clk.o)
                0x00000000400810a0                esp_clk_cpu_freq
                0x00000000400810b0                esp_clk_apb_freq
                0x00000000400810c8                ets_update_cpu_frequency
 *fill*         0x00000000400810d7        0x1 
 .iram1         0x00000000400810d8       0xb0 /home/rshah/esp/avitra_codes/velocity_control_of_motor/uart_echo/build/esp32/libesp32.a(crosscore_int.o)
                                         0xc0 (size before relaxing)
                0x0000000040081170                esp_crosscore_int_send_yield
                0x000000004008117c                esp_crosscore_int_send_freq_switch
 .iram1         0x0000000040081188       0x7f /home/rshah/esp/avitra_codes/velocity_control_of_motor/uart_echo/build/esp32/libesp32.a(ipc.o)
                                         0x8b (size before relaxing)
 *fill*         0x0000000040081207        0x1 
 .iram1         0x0000000040081208      0x2b6 /home/rshah/esp/avitra_codes/velocity_control_of_motor/uart_echo/build/esp32/libesp32.a(intr_alloc.o)
                                        0x2ce (size before relaxing)
                0x0000000040081244                esp_intr_set_in_iram
                0x00000000400812cc                esp_intr_enable
                0x0000000040081354                esp_intr_disable
                0x000000004008141c                esp_intr_noniram_disable
                0x0000000040081468                esp_intr_noniram_enable
                0x00000000400814a8                ets_isr_unmask
                0x00000000400814b4                ets_isr_mask
 *fill*         0x00000000400814be        0x2 
 .iram1         0x00000000400814c0      0x1e1 /home/rshah/esp/avitra_codes/velocity_control_of_motor/uart_echo/build/esp32/libesp32.a(system_api.o)
                                        0x21c (size before relaxing)
                0x0000000040081538                esp_restart_noos
                0x0000000040081680                esp_restart
                0x0000000040081680                system_restart
 *fill*         0x00000000400816a1        0x3 
 .iram1         0x00000000400816a4      0x205 /home/rshah/esp/avitra_codes/velocity_control_of_motor/uart_echo/build/esp32/libesp32.a(esp_timer.o)
                                        0x219 (size before relaxing)
                0x00000000400817c0                esp_timer_stop
                0x00000000400817e4                esp_timer_get_next_alarm
                0x0000000040081804                esp_timer_get_time
                0x0000000040081814                esp_timer_start_once
                0x0000000040081858                esp_timer_start_periodic
 *fill*         0x00000000400818a9        0x3 
 .iram1         0x00000000400818ac      0x1e3 /home/rshah/esp/avitra_codes/velocity_control_of_motor/uart_echo/build/esp32/libesp32.a(dport_access.o)
                                        0x1ef (size before relaxing)
                0x00000000400818ac                esp_dport_access_stall_other_cpu_start
                0x000000004008195c                esp_dport_access_stall_other_cpu_end
                0x00000000400819d8                esp_dport_access_stall_other_cpu_start_wrap
                0x00000000400819e0                esp_dport_access_stall_other_cpu_end_wrap
                0x00000000400819e8                esp_dport_access_int_pause
                0x0000000040081a0c                esp_dport_access_int_abort
                0x0000000040081a20                esp_dport_access_int_resume
                0x0000000040081a44                esp_dport_access_reg_read
                0x0000000040081a5c                esp_dport_access_sequence_reg_read
                0x0000000040081a68                esp_dport_access_read_buffer
 *fill*         0x0000000040081a8f        0x1 
 .iram1         0x0000000040081a90       0x53 /home/rshah/esp/avitra_codes/velocity_control_of_motor/uart_echo/build/esp32/libesp32.a(int_wdt.o)
 *fill*         0x0000000040081ae3        0x1 
 .iram1         0x0000000040081ae4       0xda /home/rshah/esp/avitra_codes/velocity_control_of_motor/uart_echo/build/esp32/libesp32.a(dport_panic_highint_hdl.o)
                0x0000000040081ae4                xt_highint4
                0x0000000040081bbe                ld_include_panic_highint_hdl
 *fill*         0x0000000040081bbe        0x2 
 .iram1         0x0000000040081bc0      0x4af /home/rshah/esp/avitra_codes/velocity_control_of_motor/uart_echo/build/esp32/libesp32.a(esp_timer_esp32.o)
                                        0x4bb (size before relaxing)
                0x0000000040081ce4                esp_timer_impl_get_time
                0x0000000040081e54                esp_timer_impl_set_alarm
                0x0000000040081f9c                esp_timer_impl_update_apb_freq
                0x0000000040082064                esp_timer_impl_get_min_period_us
 *fill*         0x000000004008206f        0x1 
 .iram1         0x0000000040082070       0x27 /home/rshah/esp/avitra_codes/velocity_control_of_motor/uart_echo/build/esp32/libesp32.a(freertos_hooks.o)
                0x0000000040082070                esp_vApplicationTickHook
 *fill*         0x0000000040082097        0x1 
 .iram1         0x0000000040082098       0x1a /home/rshah/esp/avitra_codes/velocity_control_of_motor/uart_echo/build/freertos/libfreertos.a(port.o)
                0x0000000040082098                xPortInterruptedFromISRContext
 *fill*         0x00000000400820b2        0x2 
 .iram1         0x00000000400820b4      0x4b4 /home/rshah/esp/avitra_codes/velocity_control_of_motor/uart_echo/build/freertos/libfreertos.a(xtensa_vectors.o)
                0x00000000400820b4                _xt_panic
                0x00000000400821cc                _xt_user_exit
                0x00000000400824b8                _xt_medint2_exit
                0x0000000040082554                _xt_medint3_exit
 .iram1         0x0000000040082568      0x3ed /home/rshah/esp/avitra_codes/velocity_control_of_motor/uart_echo/build/heap/libheap.a(heap_caps.o)
                                        0x405 (size before relaxing)
                0x00000000400825f8                heap_caps_malloc
                0x0000000040082694                heap_caps_malloc_default
                0x00000000400826d8                heap_caps_malloc_prefer
                0x0000000040082730                heap_caps_free
                0x0000000040082768                heap_caps_realloc
                0x0000000040082814                heap_caps_realloc_default
                0x000000004008286c                heap_caps_realloc_prefer
                0x00000000400828d0                heap_caps_calloc
                0x0000000040082900                heap_caps_calloc_prefer
 *fill*         0x0000000040082955        0x3 
 .iram1         0x0000000040082958      0x18a /home/rshah/esp/avitra_codes/velocity_control_of_motor/uart_echo/build/log/liblog.a(log.o)
                                        0x19a (size before relaxing)
                0x0000000040082958                esp_log_write
                0x0000000040082a88                esp_log_early_timestamp
                0x0000000040082aa4                esp_log_timestamp
 *fill*         0x0000000040082ae2        0x2 
 .iram1         0x0000000040082ae4       0x70 /home/rshah/esp/avitra_codes/velocity_control_of_motor/uart_echo/build/newlib/libnewlib.a(time.o)
                                         0x74 (size before relaxing)
                0x0000000040082ae4                _gettimeofday_r
                0x0000000040082b2c                _times_r
 .iram1         0x0000000040082b54       0x3c /home/rshah/esp/avitra_codes/velocity_control_of_motor/uart_echo/build/newlib/libnewlib.a(reent_init.o)
                0x0000000040082b54                esp_reent_init
 .iram1         0x0000000040082b90       0x5a /home/rshah/esp/avitra_codes/velocity_control_of_motor/uart_echo/build/newlib/libnewlib.a(syscalls.o)
                                         0x62 (size before relaxing)
                0x0000000040082b90                _malloc_r
                0x0000000040082b9c                _free_r
                0x0000000040082ba8                _realloc_r
                0x0000000040082bbc                _calloc_r
 *fill*         0x0000000040082bea        0x2 
 .iram1         0x0000000040082bec      0x1cc /home/rshah/esp/avitra_codes/velocity_control_of_motor/uart_echo/build/newlib/libnewlib.a(locks.o)
                                        0x210 (size before relaxing)
                0x0000000040082d04                _lock_init
                0x0000000040082d14                _lock_init_recursive
                0x0000000040082d24                _lock_close
                0x0000000040082d60                _lock_acquire
                0x0000000040082d70                _lock_acquire_recursive
                0x0000000040082d80                _lock_try_acquire
                0x0000000040082d90                _lock_try_acquire_recursive
                0x0000000040082da0                _lock_release
                0x0000000040082dac                _lock_release_recursive
 .iram1         0x0000000040082db8      0x11a /home/rshah/esp/avitra_codes/velocity_control_of_motor/uart_echo/build/soc/libsoc.a(cpu_util.o)
                0x0000000040082db8                esp_cpu_stall
                0x0000000040082e4c                esp_cpu_unstall
                0x0000000040082ea0                esp_cpu_reset
                0x0000000040082ec4                esp_cpu_in_ocd_debug_mode
 *fill*         0x0000000040082ed2        0x2 
 .iram1         0x0000000040082ed4      0x2f4 /home/rshah/esp/avitra_codes/velocity_control_of_motor/uart_echo/build/spi_flash/libspi_flash.a(cache_utils.o)
                                        0x340 (size before relaxing)
                0x0000000040082f38                spi_flash_op_block_func
                0x0000000040082fe4                spi_flash_disable_interrupts_caches_and_other_cpu
                0x00000000400830c4                spi_flash_enable_interrupts_caches_and_other_cpu
                0x000000004008315c                spi_flash_disable_interrupts_caches_and_other_cpu_no_os
                0x0000000040083188                spi_flash_enable_interrupts_caches_no_os
                0x00000000400831a4                spi_flash_cache_enabled
 .iram1         0x00000000400831c8      0x722 /home/rshah/esp/avitra_codes/velocity_control_of_motor/uart_echo/build/spi_flash/libspi_flash.a(flash_ops.o)
                                        0x74a (size before relaxing)
                0x0000000040083238                spi_flash_guard_set
                0x0000000040083244                spi_flash_guard_get
                0x0000000040083250                spi_flash_get_chip_size
                0x000000004008325c                spi_flash_erase_range
                0x0000000040083314                spi_flash_erase_sector
                0x0000000040083338                spi_flash_write
                0x0000000040083500                spi_flash_read
                0x0000000040083798                spi_flash_read_encrypted
                0x00000000400837e0                spi_flash_write_encrypted
 *fill*         0x00000000400838ea        0x2 
 .iram1         0x00000000400838ec      0x49e /home/rshah/esp/avitra_codes/velocity_control_of_motor/uart_echo/build/spi_flash/libspi_flash.a(flash_mmap.o)
                                        0x4ce (size before relaxing)
                0x0000000040083a18                spi_flash_mmap_pages
                0x0000000040083c2c                spi_flash_mmap
                0x0000000040083c9c                spi_flash_munmap
                0x0000000040083d40                spi_flash_mark_modified_region
 *fill*         0x0000000040083d8a        0x0 
 *fill*         0x0000000040083d8a        0x0 
 *fill*         0x0000000040083d8a        0x0 
 *fill*         0x0000000040083d8a        0x0 
 *fill*         0x0000000040083d8a        0x0 
 *fill*         0x0000000040083d8a        0x0 
 *fill*         0x0000000040083d8a        0x0 
 *fill*         0x0000000040083d8a        0x2 
 .iram1         0x0000000040083d8c       0x20 /home/rshah/esp/avitra_codes/velocity_control_of_motor/uart_echo/build/esp32/libesp32.a(dbg_stubs.o)
 *fill*         0x0000000040083dac        0x0 
 *fill*         0x0000000040083dac        0x0 
 *fill*         0x0000000040083dac        0x0 
 .iram1         0x0000000040083dac       0x2e /home/rshah/esp/avitra_codes/velocity_control_of_motor/uart_echo/build/freertos/libfreertos.a(xtensa_vector_defaults.o)
                0x0000000040083dac                xt_debugexception
                0x0000000040083dcc                xt_highint5
                0x0000000040083dd4                _xt_nmi
                0x0000000040083dd4                xt_nmi
 *fill*         0x0000000040083dda        0x0 
 *fill*         0x0000000040083dda        0x0 
 *fill*         0x0000000040083dda        0x0 
 *fill*         0x0000000040083dda        0x0 
 *fill*         0x0000000040083dda        0x0 
 *fill*         0x0000000040083dda        0x0 
 *libspi_flash.a:spi_flash_rom_patch.*(.literal .literal.* .text .text.*)
 *fill*         0x0000000040083dda        0x2 
 .text.esp_rom_spiflash_read_status
                0x0000000040083ddc       0x61 /home/rshah/esp/avitra_codes/velocity_control_of_motor/uart_echo/build/spi_flash/libspi_flash.a(spi_flash_rom_patch.o)
                0x0000000040083ddc                esp_rom_spiflash_read_status
 *fill*         0x0000000040083e3d        0x3 
 .text.esp_rom_spiflash_wait_idle
                0x0000000040083e40       0x32 /home/rshah/esp/avitra_codes/velocity_control_of_motor/uart_echo/build/spi_flash/libspi_flash.a(spi_flash_rom_patch.o)
                0x0000000040083e40                esp_rom_spiflash_wait_idle
 *fill*         0x0000000040083e72        0x2 
 .text.esp_rom_spiflash_erase_block_internal
                0x0000000040083e74       0x38 /home/rshah/esp/avitra_codes/velocity_control_of_motor/uart_echo/build/spi_flash/libspi_flash.a(spi_flash_rom_patch.o)
                                         0x3c (size before relaxing)
 .text.esp_rom_spiflash_erase_sector_internal
                0x0000000040083eac       0x44 /home/rshah/esp/avitra_codes/velocity_control_of_motor/uart_echo/build/spi_flash/libspi_flash.a(spi_flash_rom_patch.o)
 .text.esp_rom_spiflash_read_data
                0x0000000040083ef0      0x121 /home/rshah/esp/avitra_codes/velocity_control_of_motor/uart_echo/build/spi_flash/libspi_flash.a(spi_flash_rom_patch.o)
 *fill*         0x0000000040084011        0x3 
 .text.esp_rom_spiflash_enable_write
                0x0000000040084014       0x39 /home/rshah/esp/avitra_codes/velocity_control_of_motor/uart_echo/build/spi_flash/libspi_flash.a(spi_flash_rom_patch.o)
                                         0x3d (size before relaxing)
 *fill*         0x000000004008404d        0x3 
 .text.esp_rom_spiflash_program_page_internal
                0x0000000040084050      0x122 /home/rshah/esp/avitra_codes/velocity_control_of_motor/uart_echo/build/spi_flash/libspi_flash.a(spi_flash_rom_patch.o)
                                        0x126 (size before relaxing)
 *fill*         0x0000000040084172        0x2 
 .text.esp_rom_spiflash_read_statushigh
                0x0000000040084174       0x21 /home/rshah/esp/avitra_codes/velocity_control_of_motor/uart_echo/build/spi_flash/libspi_flash.a(spi_flash_rom_patch.o)
                0x0000000040084174                esp_rom_spiflash_read_statushigh
 *fill*         0x0000000040084195        0x3 
 .text.esp_rom_spiflash_write_status
                0x0000000040084198       0x34 /home/rshah/esp/avitra_codes/velocity_control_of_motor/uart_echo/build/spi_flash/libspi_flash.a(spi_flash_rom_patch.o)
                                         0x38 (size before relaxing)
                0x0000000040084198                esp_rom_spiflash_write_status
 .text.esp_rom_spiflash_unlock
                0x00000000400841cc       0x6a /home/rshah/esp/avitra_codes/velocity_control_of_motor/uart_echo/build/spi_flash/libspi_flash.a(spi_flash_rom_patch.o)
                                         0x7e (size before relaxing)
                0x00000000400841cc                esp_rom_spiflash_unlock
 *fill*         0x0000000040084236        0x2 
 .text.esp_rom_spiflash_erase_block
                0x0000000040084238       0x62 /home/rshah/esp/avitra_codes/velocity_control_of_motor/uart_echo/build/spi_flash/libspi_flash.a(spi_flash_rom_patch.o)
                                         0x66 (size before relaxing)
                0x0000000040084238                esp_rom_spiflash_erase_block
 *fill*         0x000000004008429a        0x2 
 .text.esp_rom_spiflash_erase_sector
                0x000000004008429c       0x61 /home/rshah/esp/avitra_codes/velocity_control_of_motor/uart_echo/build/spi_flash/libspi_flash.a(spi_flash_rom_patch.o)
                                         0x65 (size before relaxing)
                0x000000004008429c                esp_rom_spiflash_erase_sector
 *fill*         0x00000000400842fd        0x3 
 .text.esp_rom_spiflash_write
                0x0000000040084300       0xc6 /home/rshah/esp/avitra_codes/velocity_control_of_motor/uart_echo/build/spi_flash/libspi_flash.a(spi_flash_rom_patch.o)
                                         0xca (size before relaxing)
                0x0000000040084300                esp_rom_spiflash_write
 *fill*         0x00000000400843c6        0x2 
 .text.esp_rom_spiflash_write_encrypted
                0x00000000400843c8       0x5a /home/rshah/esp/avitra_codes/velocity_control_of_motor/uart_echo/build/spi_flash/libspi_flash.a(spi_flash_rom_patch.o)
                0x00000000400843c8                esp_rom_spiflash_write_encrypted
 *fill*         0x0000000040084422        0x2 
 .text.esp_rom_spiflash_read
                0x0000000040084424      0x284 /home/rshah/esp/avitra_codes/velocity_control_of_motor/uart_echo/build/spi_flash/libspi_flash.a(spi_flash_rom_patch.o)
                0x0000000040084424                esp_rom_spiflash_read
 *fill*         0x00000000400846a8        0x0 
 *fill*         0x00000000400846a8        0x0 
 *fill*         0x00000000400846a8        0x0 
 *fill*         0x00000000400846a8        0x0 
 *fill*         0x00000000400846a8        0x0 
 *fill*         0x00000000400846a8        0x0 
 *fill*         0x00000000400846a8        0x0 
 *fill*         0x00000000400846a8        0x0 
 *fill*         0x00000000400846a8        0x0 
 *fill*         0x00000000400846a8        0x0 
 *fill*         0x00000000400846a8        0x0 
 *fill*         0x00000000400846a8        0x0 
 *libesp_ringbuf.a:(.literal .literal.* .text .text.*)
 *libhal.a:(.literal .literal.* .text .text.*)
 .text          0x00000000400846a8      0x137 /home/rshah/esp/esp-idf/components/esp32/libhal.a(windowspill_asm.o)
                0x00000000400846a8                xthal_window_spill_nw
                0x00000000400846a8                xthal_spill_registers_into_stack_nw
                0x00000000400847bc                xthal_window_spill
 *fill*         0x00000000400847df        0x1 
 .text          0x00000000400847e0        0x8 /home/rshah/esp/esp-idf/components/esp32/libhal.a(int_asm--set_intclear.o)
                0x00000000400847e0                xthal_set_intclear
 .text          0x00000000400847e8       0x48 /home/rshah/esp/esp-idf/components/esp32/libhal.a(clock.o)
                0x00000000400847e8                xthal_get_ccount
                0x00000000400847f0                xthal_set_ccompare
                0x0000000040084810                xthal_get_ccompare
 *fill*         0x0000000040084830        0x0 
 .text          0x0000000040084830       0x3e /home/rshah/esp/esp-idf/components/esp32/libhal.a(state_asm--restore_extra_nw.o)
                0x0000000040084830                xthal_restore_extra_nw
 *fill*         0x000000004008486e        0x2 
 .text          0x0000000040084870       0x3e /home/rshah/esp/esp-idf/components/esp32/libhal.a(state_asm--save_extra_nw.o)
                0x0000000040084870                xthal_save_extra_nw
 *libapp_trace.a:(.literal .literal.* .text .text.*)
 *libesp32.a:panic.*(.literal .literal.* .text .text.*)
 *fill*         0x00000000400848ae        0x2 
 .text.panicPutChar
                0x00000000400848b0       0x1e /home/rshah/esp/avitra_codes/velocity_control_of_motor/uart_echo/build/esp32/libesp32.a(panic.o)
 *fill*         0x00000000400848ce        0x2 
 .text.panicPutStr
                0x00000000400848d0       0x1a /home/rshah/esp/avitra_codes/velocity_control_of_motor/uart_echo/build/esp32/libesp32.a(panic.o)
 *fill*         0x00000000400848ea        0x2 
 .text.panicPutHex
                0x00000000400848ec       0x2c /home/rshah/esp/avitra_codes/velocity_control_of_motor/uart_echo/build/esp32/libesp32.a(panic.o)
                                         0x2f (size before relaxing)
 *fill*         0x0000000040084918        0x0 
 .text.panicPutDec
                0x0000000040084918       0x3c /home/rshah/esp/avitra_codes/velocity_control_of_motor/uart_echo/build/esp32/libesp32.a(panic.o)
                                         0x46 (size before relaxing)
 *fill*         0x0000000040084954        0x0 
 .text.reconfigureAllWdts
                0x0000000040084954       0xa8 /home/rshah/esp/avitra_codes/velocity_control_of_motor/uart_echo/build/esp32/libesp32.a(panic.o)
 .text.putEntry
                0x00000000400849fc       0x2b /home/rshah/esp/avitra_codes/velocity_control_of_motor/uart_echo/build/esp32/libesp32.a(panic.o)
                                         0x37 (size before relaxing)
 *fill*         0x0000000040084a27        0x1 
 .text.doBacktrace
                0x0000000040084a28       0x71 /home/rshah/esp/avitra_codes/velocity_control_of_motor/uart_echo/build/esp32/libesp32.a(panic.o)
                                         0x78 (size before relaxing)
 *fill*         0x0000000040084a99        0x3 
 .text.invoke_abort
                0x0000000040084a9c       0x1d /home/rshah/esp/avitra_codes/velocity_control_of_motor/uart_echo/build/esp32/libesp32.a(panic.o)
 *fill*         0x0000000040084ab9        0x3 
 .text.haltOtherCore
                0x0000000040084abc       0x18 /home/rshah/esp/avitra_codes/velocity_control_of_motor/uart_echo/build/esp32/libesp32.a(panic.o)
 .text.esp_panic_wdt_start
                0x0000000040084ad4       0x84 /home/rshah/esp/avitra_codes/velocity_control_of_motor/uart_echo/build/esp32/libesp32.a(panic.o)
                                         0x88 (size before relaxing)
 .text.commonErrorHandler_dump
                0x0000000040084b58       0xd6 /home/rshah/esp/avitra_codes/velocity_control_of_motor/uart_echo/build/esp32/libesp32.a(panic.o)
                                        0x116 (size before relaxing)
 *fill*         0x0000000040084c2e        0x2 
 .text.esp_panic_dig_reset
                0x0000000040084c30       0x33 /home/rshah/esp/avitra_codes/velocity_control_of_motor/uart_echo/build/esp32/libesp32.a(panic.o)
                                         0x37 (size before relaxing)
 *fill*         0x0000000040084c63        0x1 
 .text.abort    0x0000000040084c64       0x2a /home/rshah/esp/avitra_codes/velocity_control_of_motor/uart_echo/build/esp32/libesp32.a(panic.o)
                                         0x2d (size before relaxing)
                0x0000000040084c64                abort
 *fill*         0x0000000040084c8e        0x2 
 .text.vApplicationStackOverflowHook
                0x0000000040084c90       0x17 /home/rshah/esp/avitra_codes/velocity_control_of_motor/uart_echo/build/esp32/libesp32.a(panic.o)
                                         0x23 (size before relaxing)
                0x0000000040084c90                vApplicationStackOverflowHook
 *fill*         0x0000000040084ca7        0x1 
 .text.esp_panic_wdt_stop
                0x0000000040084ca8       0x44 /home/rshah/esp/avitra_codes/velocity_control_of_motor/uart_echo/build/esp32/libesp32.a(panic.o)
                0x0000000040084ca8                esp_panic_wdt_stop
 .text.commonErrorHandler
                0x0000000040084cec       0x44 /home/rshah/esp/avitra_codes/velocity_control_of_motor/uart_echo/build/esp32/libesp32.a(panic.o)
                                         0x56 (size before relaxing)
 *fill*         0x0000000040084d30        0x0 
 .text.panicHandler
                0x0000000040084d30      0x163 /home/rshah/esp/avitra_codes/velocity_control_of_motor/uart_echo/build/esp32/libesp32.a(panic.o)
                                        0x186 (size before relaxing)
                0x0000000040084d30                panicHandler
 *fill*         0x0000000040084e93        0x1 
 .text.xt_unhandled_exception
                0x0000000040084e94       0x77 /home/rshah/esp/avitra_codes/velocity_control_of_motor/uart_echo/build/esp32/libesp32.a(panic.o)
                                         0xa1 (size before relaxing)
                0x0000000040084e94                xt_unhandled_exception
 *fill*         0x0000000040084f0b        0x1 
 .text._esp_error_check_failed
                0x0000000040084f0c       0x57 /home/rshah/esp/avitra_codes/velocity_control_of_motor/uart_echo/build/esp32/libesp32.a(panic.o)
                                         0x5e (size before relaxing)
                0x0000000040084f0c                _esp_error_check_failed
 *fill*         0x0000000040084f63        0x0 
 *fill*         0x0000000040084f63        0x0 
 *fill*         0x0000000040084f63        0x0 
 *fill*         0x0000000040084f63        0x0 
 *fill*         0x0000000040084f63        0x1 
 .text.setFirstBreakpoint
                0x0000000040084f64       0x13 /home/rshah/esp/avitra_codes/velocity_control_of_motor/uart_echo/build/esp32/libesp32.a(panic.o)
 *fill*         0x0000000040084f77        0x0 
 *fill*         0x0000000040084f77        0x0 
 *fill*         0x0000000040084f77        0x0 
 *fill*         0x0000000040084f77        0x0 
 *fill*         0x0000000040084f77        0x0 
 *fill*         0x0000000040084f77        0x0 
 *fill*         0x0000000040084f77        0x0 
 *fill*         0x0000000040084f77        0x0 
 *fill*         0x0000000040084f77        0x0 
 *fill*         0x0000000040084f77        0x0 
 *libesp32.a:core_dump.*(.literal .literal.* .text .text.*)
 *librtc.a:(.literal .literal.* .text .text.*)
 *libgcc.a:lib2funcs.*(.literal .literal.* .text .text.*)
 *libsoc.a:cpu_util.*(.literal .literal.* .text .text.*)
 *libsoc.a:rtc_clk.*(.literal .literal.* .text .text.*)
 *fill*         0x0000000040084f77        0x1 
 .text.rtc_clk_32k_enable_internal
                0x0000000040084f78       0x81 /home/rshah/esp/avitra_codes/velocity_control_of_motor/uart_echo/build/soc/libsoc.a(rtc_clk.o)
 *fill*         0x0000000040084ff9        0x3 
 .text.rtc_clk_32k_enable
                0x0000000040084ffc       0x2d /home/rshah/esp/avitra_codes/velocity_control_of_motor/uart_echo/build/soc/libsoc.a(rtc_clk.o)
                0x0000000040084ffc                rtc_clk_32k_enable
 *fill*         0x0000000040085029        0x3 
 .text.rtc_clk_32k_bootstrap
                0x000000004008502c       0x9e /home/rshah/esp/avitra_codes/velocity_control_of_motor/uart_echo/build/soc/libsoc.a(rtc_clk.o)
                                         0xa2 (size before relaxing)
                0x000000004008502c                rtc_clk_32k_bootstrap
 *fill*         0x00000000400850ca        0x2 
 .text.rtc_clk_slow_freq_set
                0x00000000400850cc       0x48 /home/rshah/esp/avitra_codes/velocity_control_of_motor/uart_echo/build/soc/libsoc.a(rtc_clk.o)
                0x00000000400850cc                rtc_clk_slow_freq_set
 .text.rtc_clk_slow_freq_get
                0x0000000040085114       0x10 /home/rshah/esp/avitra_codes/velocity_control_of_motor/uart_echo/build/soc/libsoc.a(rtc_clk.o)
                0x0000000040085114                rtc_clk_slow_freq_get
 .text.rtc_clk_slow_freq_get_hz
                0x0000000040085124       0x29 /home/rshah/esp/avitra_codes/velocity_control_of_motor/uart_echo/build/soc/libsoc.a(rtc_clk.o)
                0x0000000040085124                rtc_clk_slow_freq_get_hz
 *fill*         0x000000004008514d        0x3 
 .text.rtc_clk_fast_freq_set
                0x0000000040085150       0x2a /home/rshah/esp/avitra_codes/velocity_control_of_motor/uart_echo/build/soc/libsoc.a(rtc_clk.o)
                0x0000000040085150                rtc_clk_fast_freq_set
 *fill*         0x000000004008517a        0x2 
 .text.rtc_clk_bbpll_set
                0x000000004008517c      0x170 /home/rshah/esp/avitra_codes/velocity_control_of_motor/uart_echo/build/soc/libsoc.a(rtc_clk.o)
                                        0x178 (size before relaxing)
                0x000000004008517c                rtc_clk_bbpll_set
 .text.rtc_clk_xtal_freq_get
                0x00000000400852ec       0x38 /home/rshah/esp/avitra_codes/velocity_control_of_motor/uart_echo/build/soc/libsoc.a(rtc_clk.o)
                                         0x40 (size before relaxing)
                0x00000000400852ec                rtc_get_xtal
                0x00000000400852ec                rtc_clk_xtal_freq_get
 .text.rtc_clk_cpu_freq_get
                0x0000000040085324       0x84 /home/rshah/esp/avitra_codes/velocity_control_of_motor/uart_echo/build/soc/libsoc.a(rtc_clk.o)
                                         0x94 (size before relaxing)
                0x0000000040085324                rtc_clk_cpu_freq_get
 .text.rtc_clk_cpu_freq_value
                0x00000000400853a8       0x44 /home/rshah/esp/avitra_codes/velocity_control_of_motor/uart_echo/build/soc/libsoc.a(rtc_clk.o)
                                         0x48 (size before relaxing)
                0x00000000400853a8                rtc_clk_cpu_freq_value
 .text.rtc_clk_apb_freq_update
                0x00000000400853ec       0x13 /home/rshah/esp/avitra_codes/velocity_control_of_motor/uart_echo/build/soc/libsoc.a(rtc_clk.o)
                                         0x16 (size before relaxing)
                0x00000000400853ec                rtc_clk_apb_freq_update
 *fill*         0x00000000400853ff        0x1 
 .text.rtc_clk_cpu_freq_set
                0x0000000040085400      0x1a8 /home/rshah/esp/avitra_codes/velocity_control_of_motor/uart_echo/build/soc/libsoc.a(rtc_clk.o)
                                        0x1d8 (size before relaxing)
                0x0000000040085400                rtc_clk_cpu_freq_set
 .text.rtc_clk_apb_freq_get
                0x00000000400855a8       0x2a /home/rshah/esp/avitra_codes/velocity_control_of_motor/uart_echo/build/soc/libsoc.a(rtc_clk.o)
                0x00000000400855a8                rtc_clk_apb_freq_get
 *fill*         0x00000000400855d2        0x0 
 *fill*         0x00000000400855d2        0x2 
 .text.clk_val_is_valid
                0x00000000400855d4       0x20 /home/rshah/esp/avitra_codes/velocity_control_of_motor/uart_echo/build/soc/libsoc.a(rtc_clk.o)
 .text.reg_val_to_clk_val
                0x00000000400855f4        0x8 /home/rshah/esp/avitra_codes/velocity_control_of_motor/uart_echo/build/soc/libsoc.a(rtc_clk.o)
 .text.clk_val_to_reg_val
                0x00000000400855fc        0xe /home/rshah/esp/avitra_codes/velocity_control_of_motor/uart_echo/build/soc/libsoc.a(rtc_clk.o)
 *fill*         0x000000004008560a        0x0 
 *fill*         0x000000004008560a        0x0 
 *fill*         0x000000004008560a        0x0 
 *fill*         0x000000004008560a        0x0 
 *fill*         0x000000004008560a        0x0 
 *fill*         0x000000004008560a        0x0 
 *libsoc.a:rtc_init.*(.literal .literal.* .text .text.*)
 *fill*         0x000000004008560a        0x2 
 .text.rtc_init
                0x000000004008560c      0x344 /home/rshah/esp/avitra_codes/velocity_control_of_motor/uart_echo/build/soc/libsoc.a(rtc_init.o)
                                        0x368 (size before relaxing)
                0x000000004008560c                rtc_init
 *fill*         0x0000000040085950        0x0 
 *libsoc.a:rtc_periph.*(.literal .literal.* .text .text.*)